<html>
<body>
<pre>
<h1>µVision Build Log</h1>
<h2>Tool Versions:</h2>
IDE-Version: µVision V5.39.0.0
Copyright (C) 2023 ARM Ltd and ARM Germany GmbH. All rights reserved.
License Information: hkjh hk, jh, LIC=----
 
Tool Versions:
Toolchain:       MDK-Lite  Version: 5.39.0.0
Toolchain Path:  C:\Keil_v5\ARM\ARMCLANG\Bin
C Compiler:      ArmClang.exe V6.21
Assembler:       Armasm.exe V6.21
Linker/Locator:  ArmLink.exe V6.21
Library Manager: ArmAr.exe V6.21
Hex Converter:   FromElf.exe V6.21
CPU DLL:         SARMCM3.DLL V5.39.0.0
Dialog DLL:      DARMSTM.DLL V1.69.1.0
Target DLL:      STLink\ST-LINKIII-KEIL_SWO.dll V3.2.0.0
Dialog DLL:      TCM.DLL V1.56.4.0
 
<h2>Project:</h2>
C:\Users\Hoang\Documents\source\code stm32\STM32f1c8t6\servo S90\project_mau.uvprojx
Project File Date:  08/14/2024

<h2>Output:</h2>
*** Using Compiler 'V6.21', folder: 'C:\Keil_v5\ARM\ARMCLANG\Bin'
Build target 'Target 1'
main.c(1): warning: In file included from...
C:/Users/Hoang/AppData/Local/Arm/Packs/Keil/STM32F1xx_DFP/2.4.1/Device/Include\stm32f10x.h(18): warning: invalid UTF-8 in comment [-Winvalid-utf8]
   18 |   *              - To use or not the peripheral<92>s drivers in application code(i.e. 
      |                                                ^
C:/Users/Hoang/AppData/Local/Arm/Packs/Keil/STM32F1xx_DFP/2.4.1/Device/Include\stm32f10x.h(19): warning: invalid UTF-8 in comment [-Winvalid-utf8]
   19 |   *                code will be based on direct access to peripheral<92>s registers 
      |                                                                     ^
C:/Users/Hoang/AppData/Local/Arm/Packs/Keil/STM32F1xx_DFP/2.4.1/Device/Include\stm32f10x.h(26): warning: invalid UTF-8 in comment [-Winvalid-utf8]
   26 |   *           - Macros to access peripheral<92>s registers hardware
      |                                            ^
main.c(1): warning: In file included from...
C:/Users/Hoang/AppData/Local/Arm/Packs/Keil/STM32F1xx_DFP/2.4.1/Device/Include\stm32f10x.h(8347): warning: In file included from...
./RTE/Device/STM32F103C8\stm32f10x_conf.h(63): warning: In file included from...
C:/Users/Hoang/AppData/Local/Arm/Packs/Keil/STM32F1xx_DFP/2.4.1/Device/StdPeriph_Driver/inc\stm32f10x_gpio.h(31): warning: In file included from...
C:/Users/Hoang/AppData/Local/Arm/Packs/Keil/STM32F1xx_DFP/2.4.1/Device/Include\stm32f10x.h(18): warning: invalid UTF-8 in comment [-Winvalid-utf8]
   18 |   *              - To use or not the peripheral<92>s drivers in application code(i.e. 
      |                                                ^
C:/Users/Hoang/AppData/Local/Arm/Packs/Keil/STM32F1xx_DFP/2.4.1/Device/Include\stm32f10x.h(19): warning: invalid UTF-8 in comment [-Winvalid-utf8]
   19 |   *                code will be based on direct access to peripheral<92>s registers 
      |                                                                     ^
C:/Users/Hoang/AppData/Local/Arm/Packs/Keil/STM32F1xx_DFP/2.4.1/Device/Include\stm32f10x.h(26): warning: invalid UTF-8 in comment [-Winvalid-utf8]
   26 |   *           - Macros to access peripheral<92>s registers hardware
      |                                            ^
main.c(1): warning: In file included from...
C:/Users/Hoang/AppData/Local/Arm/Packs/Keil/STM32F1xx_DFP/2.4.1/Device/Include\stm32f10x.h(8347): warning: In file included from...
./RTE/Device/STM32F103C8\stm32f10x_conf.h(75): warning: In file included from...
C:/Users/Hoang/AppData/Local/Arm/Packs/Keil/STM32F1xx_DFP/2.4.1/Device/StdPeriph_Driver/inc\stm32f10x_rcc.h(31): warning: In file included from...
C:/Users/Hoang/AppData/Local/Arm/Packs/Keil/STM32F1xx_DFP/2.4.1/Device/Include\stm32f10x.h(18): warning: invalid UTF-8 in comment [-Winvalid-utf8]
   18 |   *              - To use or not the peripheral<92>s drivers in application code(i.e. 
      |                                                ^
C:/Users/Hoang/AppData/Local/Arm/Packs/Keil/STM32F1xx_DFP/2.4.1/Device/Include\stm32f10x.h(19): warning: invalid UTF-8 in comment [-Winvalid-utf8]
   19 |   *                code will be based on direct access to peripheral<92>s registers 
      |                                                                     ^
C:/Users/Hoang/AppData/Local/Arm/Packs/Keil/STM32F1xx_DFP/2.4.1/Device/Include\stm32f10x.h(26): warning: invalid UTF-8 in comment [-Winvalid-utf8]
   26 |   *           - Macros to access peripheral<92>s registers hardware
      |                                            ^
main.c(1): warning: In file included from...
C:/Users/Hoang/AppData/Local/Arm/Packs/Keil/STM32F1xx_DFP/2.4.1/Device/Include\stm32f10x.h(8347): warning: In file included from...
./RTE/Device/STM32F103C8\stm32f10x_conf.h(87): warning: In file included from...
C:/Users/Hoang/AppData/Local/Arm/Packs/Keil/STM32F1xx_DFP/2.4.1/Device/StdPeriph_Driver/inc\stm32f10x_tim.h(31): warning: In file included from...
C:/Users/Hoang/AppData/Local/Arm/Packs/Keil/STM32F1xx_DFP/2.4.1/Device/Include\stm32f10x.h(18): warning: invalid UTF-8 in comment [-Winvalid-utf8]
   18 |   *              - To use or not the peripheral<92>s drivers in application code(i.e. 
      |                                                ^
C:/Users/Hoang/AppData/Local/Arm/Packs/Keil/STM32F1xx_DFP/2.4.1/Device/Include\stm32f10x.h(19): warning: invalid UTF-8 in comment [-Winvalid-utf8]
   19 |   *                code will be based on direct access to peripheral<92>s registers 
      |                                                                     ^
C:/Users/Hoang/AppData/Local/Arm/Packs/Keil/STM32F1xx_DFP/2.4.1/Device/Include\stm32f10x.h(26): warning: invalid UTF-8 in comment [-Winvalid-utf8]
   26 |   *           - Macros to access peripheral<92>s registers hardware
      |                                            ^
main.c(1): warning: In file included from...
C:/Users/Hoang/AppData/Local/Arm/Packs/Keil/STM32F1xx_DFP/2.4.1/Device/Include\stm32f10x.h(8347): warning: In file included from...
./RTE/Device/STM32F103C8\stm32f10x_conf.h(96): warning: In file included from...
C:/Users/Hoang/AppData/Local/Arm/Packs/Keil/STM32F1xx_DFP/2.4.1/Device/StdPeriph_Driver/inc\misc.h(31): warning: In file included from...
C:/Users/Hoang/AppData/Local/Arm/Packs/Keil/STM32F1xx_DFP/2.4.1/Device/Include\stm32f10x.h(18): warning: invalid UTF-8 in comment [-Winvalid-utf8]
   18 |   *              - To use or not the peripheral<92>s drivers in application code(i.e. 
      |                                                ^
C:/Users/Hoang/AppData/Local/Arm/Packs/Keil/STM32F1xx_DFP/2.4.1/Device/Include\stm32f10x.h(19): warning: invalid UTF-8 in comment [-Winvalid-utf8]
   19 |   *                code will be based on direct access to peripheral<92>s registers 
      |                                                                     ^
C:/Users/Hoang/AppData/Local/Arm/Packs/Keil/STM32F1xx_DFP/2.4.1/Device/Include\stm32f10x.h(26): warning: invalid UTF-8 in comment [-Winvalid-utf8]
   26 |   *           - Macros to access peripheral<92>s registers hardware
      |                                            ^
main.c(16): warning: a function declaration without a prototype is deprecated in all versions of C [-Wstrict-prototypes]
   16 | int main() {
      |         ^
      |          void
main.c(21): warning: mixing declarations and code is incompatible with standards before C99 [-Wdeclaration-after-statement]
   21 |                 GPIO_InitTypeDef GPIO_InitStructure;
      |                                  ^
main.c(35): warning: invalid UTF-8 in comment [-Winvalid-utf8]
   35 |          // Khai b<E1>o c<E1>c c?u tr<FA>c c?u h<EC>nh cho Timer, PWM, v<E0> GPIO
      |                   ^
main.c(35): warning: invalid UTF-8 in comment [-Winvalid-utf8]
   35 |          // Khai b<E1>o c<E1>c c?u tr<FA>c c?u h<EC>nh cho Timer, PWM, v<E0> GPIO
      |                          ^
main.c(35): warning: invalid UTF-8 in comment [-Winvalid-utf8]
   35 |          // Khai b<E1>o c<E1>c c?u tr<FA>c c?u h<EC>nh cho Timer, PWM, v<E0> GPIO
      |                                      ^
main.c(35): warning: invalid UTF-8 in comment [-Winvalid-utf8]
   35 |          // Khai b<E1>o c<E1>c c?u tr<FA>c c?u h<EC>nh cho Timer, PWM, v<E0> GPIO
      |                                                 ^
main.c(35): warning: invalid UTF-8 in comment [-Winvalid-utf8]
   35 |          // Khai b<E1>o c<E1>c c?u tr<FA>c c?u h<EC>nh cho Timer, PWM, v<E0> GPIO
      |                                                                         ^
main.c(40): warning: invalid UTF-8 in comment [-Winvalid-utf8]
   40 |     // K<ED>ch ho?t xung clock cho TIM1, GPIOA v<E0> ch?c nang AFIO
      |         ^
main.c(40): warning: invalid UTF-8 in comment [-Winvalid-utf8]
   40 |     // K<ED>ch ho?t xung clock cho TIM1, GPIOA v<E0> ch?c nang AFIO
      |                                                 ^
main.c(45): warning: invalid UTF-8 in comment [-Winvalid-utf8]
   45 |     // C?u h<EC>nh GPIO cho c<E1>c ch<E2>n PA8, PA9, PA10, PA11 l<E0>m d?u ra PWM
      |             ^
main.c(45): warning: invalid UTF-8 in comment [-Winvalid-utf8]
   45 |     // C?u h<EC>nh GPIO cho c<E1>c ch<E2>n PA8, PA9, PA10, PA11 l<E0>m d?u ra PWM
      |                              ^
main.c(45): warning: invalid UTF-8 in comment [-Winvalid-utf8]
   45 |     // C?u h<EC>nh GPIO cho c<E1>c ch<E2>n PA8, PA9, PA10, PA11 l<E0>m d?u ra PWM
      |                                      ^
main.c(45): warning: invalid UTF-8 in comment [-Winvalid-utf8]
   45 |     // C?u h<EC>nh GPIO cho c<E1>c ch<E2>n PA8, PA9, PA10, PA11 l<E0>m d?u ra PWM
      |                                                                  ^
main.c(51): warning: invalid UTF-8 in comment [-Winvalid-utf8]
   51 |     // C?u h<EC>nh Timer cho PWM v?i t?n s? 1 kHz
      |             ^
main.c(52): warning: invalid UTF-8 in comment [-Winvalid-utf8]
   52 |     timer_init.TIM_Period = 20000 - 1;   // <D0>?t chu k? 20,000 (1 kHz)
      |                                             ^
main.c(1): warning: In file included from...
C:/Users/Hoang/AppData/Local/Arm/Packs/Keil/STM32F1xx_DFP/2.4.1/Device/Include\stm32f10x.h(8347): warning: In file included from...
./RTE/Device/STM32F103C8\stm32f10x_conf.h(87): warning: In file included from...
C:/Users/Hoang/AppData/Local/Arm/Packs/Keil/STM32F1xx_DFP/2.4.1/Device/StdPeriph_Driver/inc\stm32f10x_tim.h(50): warning: padding size of 'TIM_TimeBaseInitTypeDef' with 1 byte to alignment boundary [-Wpadded]
   50 | typedef struct
      |         ^
main.c(59): warning: invalid UTF-8 in comment [-Winvalid-utf8]
   59 |     // C?u h<EC>nh PWM cho c<E1>c k<EA>nh CH1, CH2, CH3, CH4 v?i gi<E1> tr? xung 1500 (7.5% duty cycle)
      |             ^
main.c(59): warning: invalid UTF-8 in comment [-Winvalid-utf8]
   59 |     // C?u h<EC>nh PWM cho c<E1>c k<EA>nh CH1, CH2, CH3, CH4 v?i gi<E1> tr? xung 1500 (7.5% duty cycle)
      |                             ^
main.c(59): warning: invalid UTF-8 in comment [-Winvalid-utf8]
   59 |     // C?u h<EC>nh PWM cho c<E1>c k<EA>nh CH1, CH2, CH3, CH4 v?i gi<E1> tr? xung 1500 (7.5% duty cycle)
      |                                    ^
main.c(59): warning: invalid UTF-8 in comment [-Winvalid-utf8]
   59 |     // C?u h<EC>nh PWM cho c<E1>c k<EA>nh CH1, CH2, CH3, CH4 v?i gi<E1> tr? xung 1500 (7.5% duty cycle)
      |                                                                    ^
main.c(65): warning: invalid UTF-8 in comment [-Winvalid-utf8]
   65 |     TIM_OC1Init(TIM1, &pwm_init);  // K<EA>nh CH1
      |                                        ^
main.c(66): warning: invalid UTF-8 in comment [-Winvalid-utf8]
   66 |     TIM_OC2Init(TIM1, &pwm_init);  // K<EA>nh CH2
      |                                        ^
main.c(67): warning: invalid UTF-8 in comment [-Winvalid-utf8]
   67 |     TIM_OC3Init(TIM1, &pwm_init);  // K<EA>nh CH3
      |                                        ^
main.c(68): warning: invalid UTF-8 in comment [-Winvalid-utf8]
   68 |     TIM_OC4Init(TIM1, &pwm_init);  // K<EA>nh CH4
      |                                        ^
main.c(70): warning: invalid UTF-8 in comment [-Winvalid-utf8]
   70 |     // K<ED>ch ho?t xu?t t<ED>n hi?u PWM v<E0> kh?i d?ng Timer
      |         ^
main.c(70): warning: invalid UTF-8 in comment [-Winvalid-utf8]
   70 |     // K<ED>ch ho?t xu?t t<ED>n hi?u PWM v<E0> kh?i d?ng Timer
      |                           ^
main.c(70): warning: invalid UTF-8 in comment [-Winvalid-utf8]
   70 |     // K<ED>ch ho?t xu?t t<ED>n hi?u PWM v<E0> kh?i d?ng Timer
      |                                           ^
main.c(71): warning: invalid UTF-8 in comment [-Winvalid-utf8]
   71 |                 TIM_ITConfig(TIM1, TIM_IT_Update, ENABLE); // K<ED>ch ho?t ng?t Update c?a TIM1
      |                                                                ^
main.c(77): warning: invalid UTF-8 in comment [-Winvalid-utf8]
   77 |          // Khai b<E1>o c<E1>c c?u tr<FA>c c?u h<EC>nh cho Timer, PWM, v<E0> GPIO
      |                   ^
main.c(77): warning: invalid UTF-8 in comment [-Winvalid-utf8]
   77 |          // Khai b<E1>o c<E1>c c?u tr<FA>c c?u h<EC>nh cho Timer, PWM, v<E0> GPIO
      |                          ^
main.c(77): warning: invalid UTF-8 in comment [-Winvalid-utf8]
   77 |          // Khai b<E1>o c<E1>c c?u tr<FA>c c?u h<EC>nh cho Timer, PWM, v<E0> GPIO
      |                                      ^
main.c(77): warning: invalid UTF-8 in comment [-Winvalid-utf8]
   77 |          // Khai b<E1>o c<E1>c c?u tr<FA>c c?u h<EC>nh cho Timer, PWM, v<E0> GPIO
      |                                                 ^
main.c(77): warning: invalid UTF-8 in comment [-Winvalid-utf8]
   77 |          // Khai b<E1>o c<E1>c c?u tr<FA>c c?u h<EC>nh cho Timer, PWM, v<E0> GPIO
      |                                                                         ^
main.c(82): warning: invalid UTF-8 in comment [-Winvalid-utf8]
   82 |     // K<ED>ch ho?t xung clock cho TIM1, GPIOA v<E0> ch?c nang AFIO
      |         ^
main.c(82): warning: invalid UTF-8 in comment [-Winvalid-utf8]
   82 |     // K<ED>ch ho?t xung clock cho TIM1, GPIOA v<E0> ch?c nang AFIO
      |                                                 ^
main.c(87): warning: invalid UTF-8 in comment [-Winvalid-utf8]
   87 |     // C?u h<EC>nh GPIO cho c<E1>c ch<E2>n PA8, PA9, PA10, PA11 l<E0>m d?u ra PWM
      |             ^
main.c(87): warning: invalid UTF-8 in comment [-Winvalid-utf8]
   87 |     // C?u h<EC>nh GPIO cho c<E1>c ch<E2>n PA8, PA9, PA10, PA11 l<E0>m d?u ra PWM
      |                              ^
main.c(87): warning: invalid UTF-8 in comment [-Winvalid-utf8]
   87 |     // C?u h<EC>nh GPIO cho c<E1>c ch<E2>n PA8, PA9, PA10, PA11 l<E0>m d?u ra PWM
      |                                      ^
main.c(87): warning: invalid UTF-8 in comment [-Winvalid-utf8]
   87 |     // C?u h<EC>nh GPIO cho c<E1>c ch<E2>n PA8, PA9, PA10, PA11 l<E0>m d?u ra PWM
      |                                                                  ^
main.c(93): warning: invalid UTF-8 in comment [-Winvalid-utf8]
   93 |     // C?u h<EC>nh Timer cho PWM v?i t?n s? 1 kHz
      |             ^
main.c(94): warning: invalid UTF-8 in comment [-Winvalid-utf8]
   94 |     timer_init.TIM_Period = 100 - 1;   // <D0>?t chu k? 20,000 (1 kHz)
      |                                           ^
main.c(101): warning: invalid UTF-8 in comment [-Winvalid-utf8]
  101 |     // C?u h<EC>nh PWM cho c<E1>c k<EA>nh CH1, CH2, CH3, CH4 v?i gi<E1> tr? xung 1500 (7.5% duty cycle)
      |             ^
main.c(101): warning: invalid UTF-8 in comment [-Winvalid-utf8]
  101 |     // C?u h<EC>nh PWM cho c<E1>c k<EA>nh CH1, CH2, CH3, CH4 v?i gi<E1> tr? xung 1500 (7.5% duty cycle)
      |                             ^
main.c(101): warning: invalid UTF-8 in comment [-Winvalid-utf8]
  101 |     // C?u h<EC>nh PWM cho c<E1>c k<EA>nh CH1, CH2, CH3, CH4 v?i gi<E1> tr? xung 1500 (7.5% duty cycle)
      |                                    ^
main.c(101): warning: invalid UTF-8 in comment [-Winvalid-utf8]
  101 |     // C?u h<EC>nh PWM cho c<E1>c k<EA>nh CH1, CH2, CH3, CH4 v?i gi<E1> tr? xung 1500 (7.5% duty cycle)
      |                                                                    ^
main.c(107): warning: invalid UTF-8 in comment [-Winvalid-utf8]
  107 |     TIM_OC1Init(TIM3, &pwm_init);  // K<EA>nh CH1
      |                                        ^
main.c(108): warning: invalid UTF-8 in comment [-Winvalid-utf8]
  108 |     TIM_OC2Init(TIM3, &pwm_init);  // K<EA>nh CH2
      |                                        ^
main.c(109): warning: invalid UTF-8 in comment [-Winvalid-utf8]
  109 |     TIM_OC3Init(TIM3, &pwm_init);  // K<EA>nh CH3
      |                                        ^
main.c(110): warning: invalid UTF-8 in comment [-Winvalid-utf8]
  110 |     TIM_OC4Init(TIM3, &pwm_init);  // K<EA>nh CH4
      |                                        ^
main.c(112): warning: invalid UTF-8 in comment [-Winvalid-utf8]
  112 |     // K<ED>ch ho?t xu?t t<ED>n hi?u PWM v<E0> kh?i d?ng Timer
      |         ^
main.c(112): warning: invalid UTF-8 in comment [-Winvalid-utf8]
  112 |     // K<ED>ch ho?t xu?t t<ED>n hi?u PWM v<E0> kh?i d?ng Timer
      |                           ^
main.c(112): warning: invalid UTF-8 in comment [-Winvalid-utf8]
  112 |     // K<ED>ch ho?t xu?t t<ED>n hi?u PWM v<E0> kh?i d?ng Timer
      |                                           ^
main.c(113): warning: invalid UTF-8 in comment [-Winvalid-utf8]
  113 |                 TIM_ITConfig(TIM3, TIM_IT_Update, ENABLE); // K<ED>ch ho?t ng?t Update c?a TIM1
      |                                                                ^
main.c(120): warning: invalid UTF-8 in comment [-Winvalid-utf8]
  120 |     // C?u h<EC>nh NVIC cho TIM1 Update Interrupt (TIM1_UP_IRQn)
      |             ^
main.c(121): warning: invalid UTF-8 in comment [-Winvalid-utf8]
  121 |     NVIC_InitStructure.NVIC_IRQChannel = TIM1_UP_IRQn; // K<EA>nh ng?t cho TIM1 Update
      |                                                            ^
main.c(122): warning: invalid UTF-8 in comment [-Winvalid-utf8]
  122 |     NVIC_InitStructure.NVIC_IRQChannelPreemptionPriority = 0; // M?c uu ti<EA>n cho ph<E9>p ng?t
      |                                                                           ^
main.c(122): warning: invalid UTF-8 in comment [-Winvalid-utf8]
  122 |     NVIC_InitStructure.NVIC_IRQChannelPreemptionPriority = 0; // M?c uu ti<EA>n cho ph<E9>p ng?t
      |                                                                                       ^
main.c(123): warning: invalid UTF-8 in comment [-Winvalid-utf8]
  123 |     NVIC_InitStructure.NVIC_IRQChannelSubPriority = 0; // M?c uu ti<EA>n ph?
      |                                                                    ^
main.c(124): warning: invalid UTF-8 in comment [-Winvalid-utf8]
  124 |     NVIC_InitStructure.NVIC_IRQChannelCmd = ENABLE; // K<ED>ch ho?t ng?t
      |                                                         ^
main.c(127): warning: invalid UTF-8 in comment [-Winvalid-utf8]
  127 |     // C?u h<EC>nh NVIC cho TIM3 Interrupt (TIM3_IRQn)
      |             ^
main.c(128): warning: invalid UTF-8 in comment [-Winvalid-utf8]
  128 |     NVIC_InitStructure.NVIC_IRQChannel = TIM3_IRQn; // K<EA>nh ng?t cho TIM3
      |                                                         ^
main.c(129): warning: invalid UTF-8 in comment [-Winvalid-utf8]
  129 |     NVIC_InitStructure.NVIC_IRQChannelPreemptionPriority = 0; // M?c uu ti<EA>n cho ph<E9>p ng?t
      |                                                                           ^
main.c(129): warning: invalid UTF-8 in comment [-Winvalid-utf8]
  129 |     NVIC_InitStructure.NVIC_IRQChannelPreemptionPriority = 0; // M?c uu ti<EA>n cho ph<E9>p ng?t
      |                                                                                       ^
main.c(130): warning: invalid UTF-8 in comment [-Winvalid-utf8]
  130 |     NVIC_InitStructure.NVIC_IRQChannelSubPriority = 0; // M?c uu ti<EA>n ph?
      |                                                                    ^
main.c(131): warning: invalid UTF-8 in comment [-Winvalid-utf8]
  131 |     NVIC_InitStructure.NVIC_IRQChannelCmd = ENABLE; // K<ED>ch ho?t ng?t
      |                                                         ^
main.c(134): warning: invalid UTF-8 in comment [-Winvalid-utf8]
  134 | // H<E0>m ISR cho TIM1
      |     ^
81 warnings generated.
compiling main.c...
linking...
Program Size: Code=4484 RO-data=252 RW-data=0 ZI-data=1632  
FromELF: creating hex file...
".\Objects\project_mau.axf" - 0 Error(s), 81 Warning(s).

<h2>Software Packages used:</h2>

Package Vendor: ARM
                http://www.keil.com/pack/ARM.CMSIS.5.9.0.pack
                ARM::CMSIS@5.9.0
                CMSIS (Common Microcontroller Software Interface Standard)
   * Component: CORE Version: 5.6.0

Package Vendor: Keil
                https://www.keil.com/pack/Keil.STM32F1xx_DFP.2.4.1.pack
                Keil::STM32F1xx_DFP@2.4.1
                STMicroelectronics STM32F1 Series Device Support, Drivers and Examples
   * Component: Startup Version: 1.0.0
   * Component: Framework Version: 3.6.0
   * Component: GPIO Version: 3.6.0
   * Component: RCC Version: 3.6.0
   * Component: TIM Version: 3.6.0

<h2>Collection of Component include folders:</h2>
  ./RTE/Device/STM32F103C8
  ./RTE/_Target_1
  C:/Users/Hoang/AppData/Local/Arm/Packs/ARM/CMSIS/5.9.0/CMSIS/Core/Include
  C:/Users/Hoang/AppData/Local/Arm/Packs/Keil/STM32F1xx_DFP/2.4.1/Device/Include
  C:/Users/Hoang/AppData/Local/Arm/Packs/Keil/STM32F1xx_DFP/2.4.1/Device/StdPeriph_Driver/inc

<h2>Collection of Component Files used:</h2>

   * Component: ARM::CMSIS:CORE@5.6.0

   * Component: Keil::Device:Startup@1.0.0
      Source file:   Device/Source/system_stm32f10x.c
      Include file:  RTE_Driver/Config/RTE_Device.h
      Source file:   Device/Source/ARM/STM32F1xx_OPT.s
      Source file:   Device/Source/ARM/startup_stm32f10x_md.s

   * Component: Keil::Device:StdPeriph Drivers:Framework@3.6.0
      Source file:   Device/StdPeriph_Driver/templates/stm32f10x_it.c
      Source file:   Device/StdPeriph_Driver/templates/stm32f10x_conf.h
      Include file:  Device/StdPeriph_Driver/templates/stm32f10x_it.h
      Source file:   Device/StdPeriph_Driver/src/misc.c
      Include file:  Device/StdPeriph_Driver/inc/misc.h

   * Component: Keil::Device:StdPeriph Drivers:GPIO@3.6.0
      Include file:  Device/StdPeriph_Driver/inc/stm32f10x_gpio.h
      Source file:   Device/StdPeriph_Driver/src/stm32f10x_gpio.c

   * Component: Keil::Device:StdPeriph Drivers:RCC@3.6.0
      Include file:  Device/StdPeriph_Driver/inc/stm32f10x_rcc.h
      Source file:   Device/StdPeriph_Driver/src/stm32f10x_rcc.c

   * Component: Keil::Device:StdPeriph Drivers:TIM@3.6.0
      Source file:   Device/StdPeriph_Driver/src/stm32f10x_tim.c
      Include file:  Device/StdPeriph_Driver/inc/stm32f10x_tim.h
Build Time Elapsed:  00:00:02
</pre>
</body>
</html>
