<html>
<body>
<pre>
<h1>µVision Build Log</h1>
<h2>Tool Versions:</h2>
IDE-Version: µVision V5.39.0.0
Copyright (C) 2023 ARM Ltd and ARM Germany GmbH. All rights reserved.
License Information: hkjh hk, jh, LIC=----
 
Tool Versions:
Toolchain:       MDK-Lite  Version: 5.39.0.0
Toolchain Path:  C:\Keil_v5\ARM\ARMCLANG\Bin
C Compiler:      ArmClang.exe V6.21
Assembler:       Armasm.exe V6.21
Linker/Locator:  ArmLink.exe V6.21
Library Manager: ArmAr.exe V6.21
Hex Converter:   FromElf.exe V6.21
CPU DLL:         SARMCM3.DLL V5.39.0.0
Dialog DLL:      DCM.DLL V1.17.5.0
Target DLL:      STLink\ST-LINKIII-KEIL_SWO.dll V3.2.0.0
Dialog DLL:      TCM.DLL V1.56.4.0
 
<h2>Project:</h2>
C:\Users\Hoang\Documents\embedded code\code stm32\STM32f1rct6\MPU6050\MPU6050(bare metal)\MPU6050.uvprojx
Project File Date:  11/04/2024

<h2>Output:</h2>
*** Using Compiler 'V6.21', folder: 'C:\Keil_v5\ARM\ARMCLANG\Bin'
Build target 'Target 1'
main.c(1): warning: In file included from...
C:/Users/Hoang/AppData/Local/Arm/Packs/Keil/STM32F1xx_DFP/2.4.1/Device/Include\stm32f10x.h(18): warning: invalid UTF-8 in comment [-Winvalid-utf8]
   18 |   *              - To use or not the peripheral<92>s drivers in application code(i.e. 
      |                                                ^
C:/Users/Hoang/AppData/Local/Arm/Packs/Keil/STM32F1xx_DFP/2.4.1/Device/Include\stm32f10x.h(19): warning: invalid UTF-8 in comment [-Winvalid-utf8]
   19 |   *                code will be based on direct access to peripheral<92>s registers 
      |                                                                     ^
C:/Users/Hoang/AppData/Local/Arm/Packs/Keil/STM32F1xx_DFP/2.4.1/Device/Include\stm32f10x.h(26): warning: invalid UTF-8 in comment [-Winvalid-utf8]
   26 |   *           - Macros to access peripheral<92>s registers hardware
      |                                            ^
main.c(1): warning: In file included from...
C:/Users/Hoang/AppData/Local/Arm/Packs/Keil/STM32F1xx_DFP/2.4.1/Device/Include\stm32f10x.h(8347): warning: In file included from...
./RTE/Device/STM32F103RC\stm32f10x_conf.h(63): warning: In file included from...
C:/Users/Hoang/AppData/Local/Arm/Packs/Keil/STM32F1xx_DFP/2.4.1/Device/StdPeriph_Driver/inc\stm32f10x_gpio.h(31): warning: In file included from...
C:/Users/Hoang/AppData/Local/Arm/Packs/Keil/STM32F1xx_DFP/2.4.1/Device/Include\stm32f10x.h(18): warning: invalid UTF-8 in comment [-Winvalid-utf8]
   18 |   *              - To use or not the peripheral<92>s drivers in application code(i.e. 
      |                                                ^
C:/Users/Hoang/AppData/Local/Arm/Packs/Keil/STM32F1xx_DFP/2.4.1/Device/Include\stm32f10x.h(19): warning: invalid UTF-8 in comment [-Winvalid-utf8]
   19 |   *                code will be based on direct access to peripheral<92>s registers 
      |                                                                     ^
C:/Users/Hoang/AppData/Local/Arm/Packs/Keil/STM32F1xx_DFP/2.4.1/Device/Include\stm32f10x.h(26): warning: invalid UTF-8 in comment [-Winvalid-utf8]
   26 |   *           - Macros to access peripheral<92>s registers hardware
      |                                            ^
main.c(1): warning: In file included from...
C:/Users/Hoang/AppData/Local/Arm/Packs/Keil/STM32F1xx_DFP/2.4.1/Device/Include\stm32f10x.h(8347): warning: In file included from...
./RTE/Device/STM32F103RC\stm32f10x_conf.h(66): warning: In file included from...
C:/Users/Hoang/AppData/Local/Arm/Packs/Keil/STM32F1xx_DFP/2.4.1/Device/StdPeriph_Driver/inc\stm32f10x_i2c.h(31): warning: In file included from...
C:/Users/Hoang/AppData/Local/Arm/Packs/Keil/STM32F1xx_DFP/2.4.1/Device/Include\stm32f10x.h(18): warning: invalid UTF-8 in comment [-Winvalid-utf8]
   18 |   *              - To use or not the peripheral<92>s drivers in application code(i.e. 
      |                                                ^
C:/Users/Hoang/AppData/Local/Arm/Packs/Keil/STM32F1xx_DFP/2.4.1/Device/Include\stm32f10x.h(19): warning: invalid UTF-8 in comment [-Winvalid-utf8]
   19 |   *                code will be based on direct access to peripheral<92>s registers 
      |                                                                     ^
C:/Users/Hoang/AppData/Local/Arm/Packs/Keil/STM32F1xx_DFP/2.4.1/Device/Include\stm32f10x.h(26): warning: invalid UTF-8 in comment [-Winvalid-utf8]
   26 |   *           - Macros to access peripheral<92>s registers hardware
      |                                            ^
main.c(1): warning: In file included from...
C:/Users/Hoang/AppData/Local/Arm/Packs/Keil/STM32F1xx_DFP/2.4.1/Device/Include\stm32f10x.h(8347): warning: In file included from...
./RTE/Device/STM32F103RC\stm32f10x_conf.h(75): warning: In file included from...
C:/Users/Hoang/AppData/Local/Arm/Packs/Keil/STM32F1xx_DFP/2.4.1/Device/StdPeriph_Driver/inc\stm32f10x_rcc.h(31): warning: In file included from...
C:/Users/Hoang/AppData/Local/Arm/Packs/Keil/STM32F1xx_DFP/2.4.1/Device/Include\stm32f10x.h(18): warning: invalid UTF-8 in comment [-Winvalid-utf8]
   18 |   *              - To use or not the peripheral<92>s drivers in application code(i.e. 
      |                                                ^
C:/Users/Hoang/AppData/Local/Arm/Packs/Keil/STM32F1xx_DFP/2.4.1/Device/Include\stm32f10x.h(19): warning: invalid UTF-8 in comment [-Winvalid-utf8]
   19 |   *                code will be based on direct access to peripheral<92>s registers 
      |                                                                     ^
C:/Users/Hoang/AppData/Local/Arm/Packs/Keil/STM32F1xx_DFP/2.4.1/Device/Include\stm32f10x.h(26): warning: invalid UTF-8 in comment [-Winvalid-utf8]
   26 |   *           - Macros to access peripheral<92>s registers hardware
      |                                            ^
main.c(1): warning: In file included from...
C:/Users/Hoang/AppData/Local/Arm/Packs/Keil/STM32F1xx_DFP/2.4.1/Device/Include\stm32f10x.h(8347): warning: In file included from...
./RTE/Device/STM32F103RC\stm32f10x_conf.h(87): warning: In file included from...
C:/Users/Hoang/AppData/Local/Arm/Packs/Keil/STM32F1xx_DFP/2.4.1/Device/StdPeriph_Driver/inc\stm32f10x_tim.h(31): warning: In file included from...
C:/Users/Hoang/AppData/Local/Arm/Packs/Keil/STM32F1xx_DFP/2.4.1/Device/Include\stm32f10x.h(18): warning: invalid UTF-8 in comment [-Winvalid-utf8]
   18 |   *              - To use or not the peripheral<92>s drivers in application code(i.e. 
      |                                                ^
C:/Users/Hoang/AppData/Local/Arm/Packs/Keil/STM32F1xx_DFP/2.4.1/Device/Include\stm32f10x.h(19): warning: invalid UTF-8 in comment [-Winvalid-utf8]
   19 |   *                code will be based on direct access to peripheral<92>s registers 
      |                                                                     ^
C:/Users/Hoang/AppData/Local/Arm/Packs/Keil/STM32F1xx_DFP/2.4.1/Device/Include\stm32f10x.h(26): warning: invalid UTF-8 in comment [-Winvalid-utf8]
   26 |   *           - Macros to access peripheral<92>s registers hardware
      |                                            ^
main.c(1): warning: In file included from...
C:/Users/Hoang/AppData/Local/Arm/Packs/Keil/STM32F1xx_DFP/2.4.1/Device/Include\stm32f10x.h(8347): warning: In file included from...
./RTE/Device/STM32F103RC\stm32f10x_conf.h(96): warning: In file included from...
C:/Users/Hoang/AppData/Local/Arm/Packs/Keil/STM32F1xx_DFP/2.4.1/Device/StdPeriph_Driver/inc\misc.h(31): warning: In file included from...
C:/Users/Hoang/AppData/Local/Arm/Packs/Keil/STM32F1xx_DFP/2.4.1/Device/Include\stm32f10x.h(18): warning: invalid UTF-8 in comment [-Winvalid-utf8]
   18 |   *              - To use or not the peripheral<92>s drivers in application code(i.e. 
      |                                                ^
C:/Users/Hoang/AppData/Local/Arm/Packs/Keil/STM32F1xx_DFP/2.4.1/Device/Include\stm32f10x.h(19): warning: invalid UTF-8 in comment [-Winvalid-utf8]
   19 |   *                code will be based on direct access to peripheral<92>s registers 
      |                                                                     ^
C:/Users/Hoang/AppData/Local/Arm/Packs/Keil/STM32F1xx_DFP/2.4.1/Device/Include\stm32f10x.h(26): warning: invalid UTF-8 in comment [-Winvalid-utf8]
   26 |   *           - Macros to access peripheral<92>s registers hardware
      |                                            ^
main.c(91): warning: implicit conversion loses integer precision: 'int' to 'uint16_t' (aka 'unsigned short') [-Wimplicit-int-conversion]
   91 |                                 TIM1->CCR1 = i;
      |                                            ~ ^
main.c(99): warning: invalid UTF-8 in comment [-Winvalid-utf8]
   99 |             // X<F3>a c<E1>c k<FD> t? cu b?ng c<E1>ch v? l?i m<E0>u n?n
      |                 ^
main.c(99): warning: invalid UTF-8 in comment [-Winvalid-utf8]
   99 |             // X<F3>a c<E1>c k<FD> t? cu b?ng c<E1>ch v? l?i m<E0>u n?n
      |                        ^
main.c(99): warning: invalid UTF-8 in comment [-Winvalid-utf8]
   99 |             // X<F3>a c<E1>c k<FD> t? cu b?ng c<E1>ch v? l?i m<E0>u n?n
      |                               ^
main.c(99): warning: invalid UTF-8 in comment [-Winvalid-utf8]
   99 |             // X<F3>a c<E1>c k<FD> t? cu b?ng c<E1>ch v? l?i m<E0>u n?n
      |                                                ^
main.c(99): warning: invalid UTF-8 in comment [-Winvalid-utf8]
   99 |             // X<F3>a c<E1>c k<FD> t? cu b?ng c<E1>ch v? l?i m<E0>u n?n
      |                                                               ^
main.c(100): warning: invalid UTF-8 in comment [-Winvalid-utf8]
  100 | //          fill_rectangle(AX_X + 27.5, AX_Y , 100, 50, COLOR_BLACK); // X<F3>a AX
      |                                                                           ^
main.c(101): warning: invalid UTF-8 in comment [-Winvalid-utf8]
  101 | //          fill_rectangle(AX_X + 27.5, AY_Y , 100, 70, COLOR_BLACK); // X<F3>a AY
      |                                                                           ^
main.c(104): warning: invalid UTF-8 in comment [-Winvalid-utf8]
  104 | //          // V? l?i c<E1>c th<F4>ng s? m?i
      |                        ^
main.c(104): warning: invalid UTF-8 in comment [-Winvalid-utf8]
  104 | //          // V? l?i c<E1>c th<F4>ng s? m?i
      |                                ^
main.c(1): warning: In file included from...
C:/Users/Hoang/AppData/Local/Arm/Packs/Keil/STM32F1xx_DFP/2.4.1/Device/Include\stm32f10x.h(8347): warning: In file included from...
./RTE/Device/STM32F103RC\stm32f10x_conf.h(87): warning: In file included from...
C:/Users/Hoang/AppData/Local/Arm/Packs/Keil/STM32F1xx_DFP/2.4.1/Device/StdPeriph_Driver/inc\stm32f10x_tim.h(50): warning: padding size of 'TIM_TimeBaseInitTypeDef' with 1 byte to alignment boundary [-Wpadded]
   50 | typedef struct
      |         ^
main.c(122): warning: mixing declarations and code is incompatible with standards before C99 [-Wdeclaration-after-statement]
  122 |     GPIO_InitTypeDef GPIO_InitStructure;
      |                      ^
main.c(44): warning: no previous extern declaration for non-static variable 'i' [-Wmissing-variable-declarations]
   44 | int i;
      |     ^
main.c(44): note: declare 'static' if the variable is not intended to be used outside of this translation unit
   44 | int i;
      | ^
main.c(45): warning: no previous extern declaration for non-static variable 'buf' [-Wmissing-variable-declarations]
   45 | char buf[4];
      |      ^
main.c(45): note: declare 'static' if the variable is not intended to be used outside of this translation unit
   45 | char buf[4];
      | ^
main.c(46): warning: no previous extern declaration for non-static variable 'MPU6050' [-Wmissing-variable-declarations]
   46 | MPU6050_t MPU6050;
      |           ^
main.c(46): note: declare 'static' if the variable is not intended to be used outside of this translation unit
   46 | MPU6050_t MPU6050;
      | ^
main.c(5): warning: In file included from...
../../../HcubedLib/MPU6050(kalman)\mpu6050.h(21): warning: padding struct 'MPU6050_t' with 2 bytes to align 'Ax' [-Wpadded]
   21 |     double Ax;
      |            ^
../../../HcubedLib/MPU6050(kalman)\mpu6050.h(28): warning: padding struct 'MPU6050_t' with 2 bytes to align 'Gx' [-Wpadded]
   28 |     double Gx;
      |            ^
../../../HcubedLib/MPU6050(kalman)\mpu6050.h(34): warning: padding struct 'MPU6050_t' with 4 bytes to align 'KalmanAngleX' [-Wpadded]
   34 |     double KalmanAngleX;
      |            ^
main.c(47): warning: no previous extern declaration for non-static variable 'AngX' [-Wmissing-variable-declarations]
   47 | float AngX, AngY;
      |       ^
main.c(47): note: declare 'static' if the variable is not intended to be used outside of this translation unit
   47 | float AngX, AngY;
      | ^
main.c(47): warning: no previous extern declaration for non-static variable 'AngY' [-Wmissing-variable-declarations]
   47 | float AngX, AngY;
      |             ^
main.c(47): note: declare 'static' if the variable is not intended to be used outside of this translation unit
   47 | float AngX, AngY;
      | ^
38 warnings generated.
compiling main.c...
linking...
Program Size: Code=7356 RO-data=320 RW-data=0 ZI-data=1640  
FromELF: creating hex file...
".\Objects\MPU6050.axf" - 0 Error(s), 38 Warning(s).

<h2>Software Packages used:</h2>

Package Vendor: ARM
                http://www.keil.com/pack/ARM.CMSIS.5.9.0.pack
                ARM::CMSIS@5.9.0
                CMSIS (Common Microcontroller Software Interface Standard)
   * Component: CORE Version: 5.6.0

Package Vendor: Keil
                https://www.keil.com/pack/Keil.STM32F1xx_DFP.2.4.1.pack
                Keil::STM32F1xx_DFP@2.4.1
                STMicroelectronics STM32F1 Series Device Support, Drivers and Examples
   * Component: Startup Version: 1.0.0
   * Component: Framework Version: 3.6.0
   * Component: GPIO Version: 3.6.0
   * Component: I2C Version: 3.6.0
   * Component: RCC Version: 3.6.0
   * Component: TIM Version: 3.6.0

<h2>Collection of Component include folders:</h2>
  ./RTE/Device/STM32F103RC
  ./RTE/_Target_1
  C:/Users/Hoang/AppData/Local/Arm/Packs/ARM/CMSIS/5.9.0/CMSIS/Core/Include
  C:/Users/Hoang/AppData/Local/Arm/Packs/Keil/STM32F1xx_DFP/2.4.1/Device/Include
  C:/Users/Hoang/AppData/Local/Arm/Packs/Keil/STM32F1xx_DFP/2.4.1/Device/StdPeriph_Driver/inc

<h2>Collection of Component Files used:</h2>

   * Component: ARM::CMSIS:CORE@5.6.0

   * Component: Keil::Device:Startup@1.0.0
      Source file:   Device/Source/ARM/startup_stm32f10x_hd.s
      Include file:  RTE_Driver/Config/RTE_Device.h
      Source file:   Device/Source/system_stm32f10x.c
      Source file:   Device/Source/ARM/STM32F1xx_OPT.s

   * Component: Keil::Device:StdPeriph Drivers:Framework@3.6.0
      Include file:  Device/StdPeriph_Driver/inc/misc.h
      Include file:  Device/StdPeriph_Driver/templates/stm32f10x_it.h
      Source file:   Device/StdPeriph_Driver/templates/stm32f10x_it.c
      Source file:   Device/StdPeriph_Driver/templates/stm32f10x_conf.h
      Source file:   Device/StdPeriph_Driver/src/misc.c

   * Component: Keil::Device:StdPeriph Drivers:GPIO@3.6.0
      Include file:  Device/StdPeriph_Driver/inc/stm32f10x_gpio.h
      Source file:   Device/StdPeriph_Driver/src/stm32f10x_gpio.c

   * Component: Keil::Device:StdPeriph Drivers:I2C@3.6.0
      Source file:   Device/StdPeriph_Driver/src/stm32f10x_i2c.c
      Include file:  Device/StdPeriph_Driver/inc/stm32f10x_i2c.h

   * Component: Keil::Device:StdPeriph Drivers:RCC@3.6.0
      Include file:  Device/StdPeriph_Driver/inc/stm32f10x_rcc.h
      Source file:   Device/StdPeriph_Driver/src/stm32f10x_rcc.c

   * Component: Keil::Device:StdPeriph Drivers:TIM@3.6.0
      Source file:   Device/StdPeriph_Driver/src/stm32f10x_tim.c
      Include file:  Device/StdPeriph_Driver/inc/stm32f10x_tim.h
Build Time Elapsed:  00:00:01
</pre>
</body>
</html>
