<html>
<body>
<pre>
<h1>�Vision Build Log</h1>
<h2>Tool Versions:</h2>
IDE-Version: �Vision V5.39.0.0
Copyright (C) 2023 ARM Ltd and ARM Germany GmbH. All rights reserved.
License Information: hkjh hk, jh, LIC=----
 
Tool Versions:
Toolchain:       MDK-Lite  Version: 5.39.0.0
Toolchain Path:  C:\Keil_v5\ARM\ARMCLANG\Bin
C Compiler:      ArmClang.exe V6.21
Assembler:       Armasm.exe V6.21
Linker/Locator:  ArmLink.exe V6.21
Library Manager: ArmAr.exe V6.21
Hex Converter:   FromElf.exe V6.21
CPU DLL:         SARMCM3.DLL V5.39.0.0
Dialog DLL:      DCM.DLL V1.17.5.0
Target DLL:      STLink\ST-LINKIII-KEIL_SWO.dll V3.2.0.0
Dialog DLL:      TCM.DLL V1.56.4.0
 
<h2>Project:</h2>
C:\Users\Hoang\Documents\embedded code\code stm32\STM32f1rct6\LCD_ili9225\TFT_ili9225(bare metal)\TFT_ili9225.uvprojx
Project File Date:  10/21/2024

<h2>Output:</h2>
*** Using Compiler 'V6.21', folder: 'C:\Keil_v5\ARM\ARMCLANG\Bin'
Build target 'Target 1'
../../../HcubedLib/ili9225_lib/ILI9225.c(16): warning: In file included from...
../../../HcubedLib/ili9225_lib/ILI9225.h(23): warning: In file included from...
C:/Users/Hoang/AppData/Local/Arm/Packs/Keil/STM32F1xx_DFP/2.4.1/Device/Include\stm32f10x.h(18): warning: invalid UTF-8 in comment [-Winvalid-utf8]
   18 |   *              - To use or not the peripheral<92>s drivers in application code(i.e. 
      |                                                ^
C:/Users/Hoang/AppData/Local/Arm/Packs/Keil/STM32F1xx_DFP/2.4.1/Device/Include\stm32f10x.h(19): warning: invalid UTF-8 in comment [-Winvalid-utf8]
   19 |   *                code will be based on direct access to peripheral<92>s registers 
      |                                                                     ^
C:/Users/Hoang/AppData/Local/Arm/Packs/Keil/STM32F1xx_DFP/2.4.1/Device/Include\stm32f10x.h(26): warning: invalid UTF-8 in comment [-Winvalid-utf8]
   26 |   *           - Macros to access peripheral<92>s registers hardware
      |                                            ^
../../../HcubedLib/ili9225_lib/ILI9225.c(16): warning: In file included from...
../../../HcubedLib/ili9225_lib/ILI9225.h(23): warning: In file included from...
C:/Users/Hoang/AppData/Local/Arm/Packs/Keil/STM32F1xx_DFP/2.4.1/Device/Include\stm32f10x.h(8347): warning: In file included from...
./RTE/Device/STM32F103RC\stm32f10x_conf.h(75): warning: In file included from...
C:/Users/Hoang/AppData/Local/Arm/Packs/Keil/STM32F1xx_DFP/2.4.1/Device/StdPeriph_Driver/inc\stm32f10x_rcc.h(31): warning: In file included from...
C:/Users/Hoang/AppData/Local/Arm/Packs/Keil/STM32F1xx_DFP/2.4.1/Device/Include\stm32f10x.h(18): warning: invalid UTF-8 in comment [-Winvalid-utf8]
   18 |   *              - To use or not the peripheral<92>s drivers in application code(i.e. 
      |                                                ^
C:/Users/Hoang/AppData/Local/Arm/Packs/Keil/STM32F1xx_DFP/2.4.1/Device/Include\stm32f10x.h(19): warning: invalid UTF-8 in comment [-Winvalid-utf8]
   19 |   *                code will be based on direct access to peripheral<92>s registers 
      |                                                                     ^
C:/Users/Hoang/AppData/Local/Arm/Packs/Keil/STM32F1xx_DFP/2.4.1/Device/Include\stm32f10x.h(26): warning: invalid UTF-8 in comment [-Winvalid-utf8]
   26 |   *           - Macros to access peripheral<92>s registers hardware
      |                                            ^
../../../HcubedLib/ili9225_lib/ILI9225.c(16): warning: In file included from...
../../../HcubedLib/ili9225_lib/ILI9225.h(23): warning: In file included from...
C:/Users/Hoang/AppData/Local/Arm/Packs/Keil/STM32F1xx_DFP/2.4.1/Device/Include\stm32f10x.h(8347): warning: In file included from...
./RTE/Device/STM32F103RC\stm32f10x_conf.h(84): warning: In file included from...
C:/Users/Hoang/AppData/Local/Arm/Packs/Keil/STM32F1xx_DFP/2.4.1/Device/StdPeriph_Driver/inc\stm32f10x_spi.h(31): warning: In file included from...
C:/Users/Hoang/AppData/Local/Arm/Packs/Keil/STM32F1xx_DFP/2.4.1/Device/Include\stm32f10x.h(18): warning: invalid UTF-8 in comment [-Winvalid-utf8]
   18 |   *              - To use or not the peripheral<92>s drivers in application code(i.e. 
      |                                                ^
C:/Users/Hoang/AppData/Local/Arm/Packs/Keil/STM32F1xx_DFP/2.4.1/Device/Include\stm32f10x.h(19): warning: invalid UTF-8 in comment [-Winvalid-utf8]
   19 |   *                code will be based on direct access to peripheral<92>s registers 
      |                                                                     ^
C:/Users/Hoang/AppData/Local/Arm/Packs/Keil/STM32F1xx_DFP/2.4.1/Device/Include\stm32f10x.h(26): warning: invalid UTF-8 in comment [-Winvalid-utf8]
   26 |   *           - Macros to access peripheral<92>s registers hardware
      |                                            ^
../../../HcubedLib/ili9225_lib/ILI9225.c(16): warning: In file included from...
../../../HcubedLib/ili9225_lib/ILI9225.h(23): warning: In file included from...
C:/Users/Hoang/AppData/Local/Arm/Packs/Keil/STM32F1xx_DFP/2.4.1/Device/Include\stm32f10x.h(8347): warning: In file included from...
./RTE/Device/STM32F103RC\stm32f10x_conf.h(96): warning: In file included from...
C:/Users/Hoang/AppData/Local/Arm/Packs/Keil/STM32F1xx_DFP/2.4.1/Device/StdPeriph_Driver/inc\misc.h(31): warning: In file included from...
C:/Users/Hoang/AppData/Local/Arm/Packs/Keil/STM32F1xx_DFP/2.4.1/Device/Include\stm32f10x.h(18): warning: invalid UTF-8 in comment [-Winvalid-utf8]
   18 |   *              - To use or not the peripheral<92>s drivers in application code(i.e. 
      |                                                ^
C:/Users/Hoang/AppData/Local/Arm/Packs/Keil/STM32F1xx_DFP/2.4.1/Device/Include\stm32f10x.h(19): warning: invalid UTF-8 in comment [-Winvalid-utf8]
   19 |   *                code will be based on direct access to peripheral<92>s registers 
      |                                                                     ^
C:/Users/Hoang/AppData/Local/Arm/Packs/Keil/STM32F1xx_DFP/2.4.1/Device/Include\stm32f10x.h(26): warning: invalid UTF-8 in comment [-Winvalid-utf8]
   26 |   *           - Macros to access peripheral<92>s registers hardware
      |                                            ^
../../../HcubedLib/ili9225_lib/ILI9225.c(21): warning: no previous extern declaration for non-static variable 'FontLarge' [-Wmissing-variable-declarations]
   21 |     const unsigned char FontLarge[95][13] = {
      |                         ^
../../../HcubedLib/ili9225_lib/ILI9225.c(21): note: declare 'static' if the variable is not intended to be used outside of this translation unit
   21 |     const unsigned char FontLarge[95][13] = {
      |           ^
../../../HcubedLib/ili9225_lib/ILI9225.c(136): warning: non-void function does not return a value [-Wreturn-type]
  136 | }
      | ^
../../../HcubedLib/ili9225_lib/ILI9225.c(171): warning: implicit conversion loses integer precision: 'unsigned int' to 'unsigned char' [-Wimplicit-int-conversion]
  171 |     lcd_write_command(reg >> 8); //regH
      |     ~~~~~~~~~~~~~~~~~ ~~~~^~~~
../../../HcubedLib/ili9225_lib/ILI9225.c(173): warning: implicit conversion loses integer precision: 'unsigned int' to 'unsigned char' [-Wimplicit-int-conversion]
  173 |     lcd_write_data(data >> 8); //dataH
      |     ~~~~~~~~~~~~~~ ~~~~~^~~~
../../../HcubedLib/ili9225_lib/ILI9225.c(203): warning: implicit conversion turns floating-point number into integer: 'double' to '_Bool' [-Wfloat-conversion]
  203 |         while(counter--);
      |         ~~~~~ ~~~~~~~^~
../../../HcubedLib/ili9225_lib/ILI9225.c(221): warning: a function declaration without a prototype is deprecated in all versions of C [-Wstrict-prototypes]
  221 | void lcd_init() {
      |              ^
      |               void
../../../HcubedLib/ili9225_lib/ILI9225.c(328): warning: implicit conversion loses integer precision: 'unsigned int' to 'unsigned char' [-Wimplicit-int-conversion]
  328 |     lcd_write_data(colour >> 8);
      |     ~~~~~~~~~~~~~~ ~~~~~~~^~~~
../../../HcubedLib/ili9225_lib/ILI9225.c(346): warning: implicit conversion loses integer precision: 'unsigned int' to 'unsigned char' [-Wimplicit-int-conversion]
  346 |     unsigned char colour_high = colour >> 8;
      |                   ~~~~~~~~~~~   ~~~~~~~^~~~
../../../HcubedLib/ili9225_lib/ILI9225.c(346): warning: mixing declarations and code is incompatible with standards before C99 [-Wdeclaration-after-statement]
  346 |     unsigned char colour_high = colour >> 8;
      |                   ^
../../../HcubedLib/ili9225_lib/ILI9225.c(420): warning: implicit conversion loses integer precision: 'int' to 'char' [-Wimplicit-int-conversion]
  420 |                     draw_pixel(x+(8-j), y+i, colour);
      |                     ~~~~~~~~~~          ~^~
../../../HcubedLib/ili9225_lib/ILI9225.c(420): warning: implicit conversion loses integer precision: 'int' to 'char' [-Wimplicit-int-conversion]
  420 |                     draw_pixel(x+(8-j), y+i, colour);
      |                     ~~~~~~~~~~ ~^~~~~~
../../../HcubedLib/ili9225_lib/ILI9225.c(424): warning: implicit conversion loses integer precision: 'int' to 'char' [-Wimplicit-int-conversion]
  424 |                     fill_rectangle(x+((8-j)*size), y+((i)*size), x+((8-j)*size)+size, y+((i)*size)+size, colour);
      |                     ~~~~~~~~~~~~~~                                                    ~~~~~~~~~~~~^~~~~
../../../HcubedLib/ili9225_lib/ILI9225.c(424): warning: implicit conversion loses integer precision: 'int' to 'char' [-Wimplicit-int-conversion]
  424 |                     fill_rectangle(x+((8-j)*size), y+((i)*size), x+((8-j)*size)+size, y+((i)*size)+size, colour);
      |                     ~~~~~~~~~~~~~~                               ~~~~~~~~~~~~~~^~~~~
../../../HcubedLib/ili9225_lib/ILI9225.c(424): warning: implicit conversion loses integer precision: 'int' to 'char' [-Wimplicit-int-conversion]
  424 |                     fill_rectangle(x+((8-j)*size), y+((i)*size), x+((8-j)*size)+size, y+((i)*size)+size, colour);
      |                     ~~~~~~~~~~~~~~                 ~^~~~~~~~~~~
../../../HcubedLib/ili9225_lib/ILI9225.c(424): warning: implicit conversion loses integer precision: 'int' to 'char' [-Wimplicit-int-conversion]
  424 |                     fill_rectangle(x+((8-j)*size), y+((i)*size), x+((8-j)*size)+size, y+((i)*size)+size, colour);
      |                     ~~~~~~~~~~~~~~ ~^~~~~~~~~~~~~
../../../HcubedLib/ili9225_lib/ILI9225.c(481): warning: implicit conversion loses integer precision: 'unsigned int' to 'unsigned char' [-Wimplicit-int-conversion]
  481 |             lcd_write_data(this_px >> 8);
      |             ~~~~~~~~~~~~~~ ~~~~~~~~^~~~
../../../HcubedLib/ili9225_lib/ILI9225.c(506): warning: implicit conversion loses integer precision: 'int' to 'char' [-Wimplicit-int-conversion]
  506 |         draw_char(char_pos, y, str[counter], colour, size);
      |         ~~~~~~~~~ ^~~~~~~~
../../../HcubedLib/ili9225_lib/ILI9225.c(523): warning: implicit conversion loses integer precision: 'int' to 'char' [-Wimplicit-int-conversion]
  523 |         draw_fast_char(x + (counter * 9), y, str[counter], colour, bg_colour);
      |         ~~~~~~~~~~~~~~ ~~^~~~~~~~~~~~~~~
../../../HcubedLib/ili9225_lib/ILI9225.c(536): warning: implicit conversion changes signedness: 'const unsigned int' to 'int' [-Wsign-conversion]
  536 |         int width = bmp[0];
      |             ~~~~~   ^~~~~~
../../../HcubedLib/ili9225_lib/ILI9225.c(537): warning: implicit conversion changes signedness: 'const unsigned int' to 'int' [-Wsign-conversion]
  537 |         int height = bmp[1];
      |             ~~~~~~   ^~~~~~
../../../HcubedLib/ili9225_lib/ILI9225.c(544): warning: incompatible pointer types passing 'int *' to parameter of type 'char *' [-Wincompatible-pointer-types]
  544 |                 swap_char(&x1, &y1);
      |                           ^~~
../../../HcubedLib/ili9225_lib/ILI9225.c(189): note: passing argument to parameter 'num1' here
  189 | void swap_char(char *num1, char *num2) {
      |                      ^
../../../HcubedLib/ili9225_lib/ILI9225.c(544): warning: incompatible pointer types passing 'int *' to parameter of type 'char *' [-Wincompatible-pointer-types]
  544 |                 swap_char(&x1, &y1);
      |                                ^~~
../../../HcubedLib/ili9225_lib/ILI9225.c(189): note: passing argument to parameter 'num2' here
  189 | void swap_char(char *num1, char *num2) {
      |                                  ^
../../../HcubedLib/ili9225_lib/ILI9225.c(545): warning: incompatible pointer types passing 'int *' to parameter of type 'char *' [-Wincompatible-pointer-types]
  545 |                 swap_char(&x2, &y2);
      |                           ^~~
../../../HcubedLib/ili9225_lib/ILI9225.c(189): note: passing argument to parameter 'num1' here
  189 | void swap_char(char *num1, char *num2) {
      |                      ^
../../../HcubedLib/ili9225_lib/ILI9225.c(545): warning: incompatible pointer types passing 'int *' to parameter of type 'char *' [-Wincompatible-pointer-types]
  545 |                 swap_char(&x2, &y2);
      |                                ^~~
../../../HcubedLib/ili9225_lib/ILI9225.c(189): note: passing argument to parameter 'num2' here
  189 | void swap_char(char *num1, char *num2) {
      |                                  ^
../../../HcubedLib/ili9225_lib/ILI9225.c(548): warning: incompatible pointer types passing 'int *' to parameter of type 'char *' [-Wincompatible-pointer-types]
  548 |                 swap_char(&y2, &y1);
      |                           ^~~
../../../HcubedLib/ili9225_lib/ILI9225.c(189): note: passing argument to parameter 'num1' here
  189 | void swap_char(char *num1, char *num2) {
      |                      ^
../../../HcubedLib/ili9225_lib/ILI9225.c(548): warning: incompatible pointer types passing 'int *' to parameter of type 'char *' [-Wincompatible-pointer-types]
  548 |                 swap_char(&y2, &y1);
      |                                ^~~
../../../HcubedLib/ili9225_lib/ILI9225.c(189): note: passing argument to parameter 'num2' here
  189 | void swap_char(char *num1, char *num2) {
      |                                  ^
../../../HcubedLib/ili9225_lib/ILI9225.c(554): warning: implicit conversion loses integer precision: 'int' to 'char' [-Wimplicit-int-conversion]
  554 |         set_draw_window(x1, y1, x2 + scale - 1, y2);
      |         ~~~~~~~~~~~~~~~                         ^~
../../../HcubedLib/ili9225_lib/ILI9225.c(554): warning: implicit conversion loses integer precision: 'int' to 'char' [-Wimplicit-int-conversion]
  554 |         set_draw_window(x1, y1, x2 + scale - 1, y2);
      |         ~~~~~~~~~~~~~~~         ~~~~~~~~~~~^~~
../../../HcubedLib/ili9225_lib/ILI9225.c(554): warning: implicit conversion loses integer precision: 'int' to 'char' [-Wimplicit-int-conversion]
  554 |         set_draw_window(x1, y1, x2 + scale - 1, y2);
      |         ~~~~~~~~~~~~~~~     ^~
../../../HcubedLib/ili9225_lib/ILI9225.c(554): warning: implicit conversion loses integer precision: 'int' to 'char' [-Wimplicit-int-conversion]
  554 |         set_draw_window(x1, y1, x2 + scale - 1, y2);
      |         ~~~~~~~~~~~~~~~ ^~
../../../HcubedLib/ili9225_lib/ILI9225.c(575): warning: implicit conversion loses integer precision: 'unsigned int' to 'unsigned char' [-Wimplicit-int-conversion]
  575 |                                         lcd_write_data(this_byte >> 8);
      |                                         ~~~~~~~~~~~~~~ ~~~~~~~~~~^~~~
../../../HcubedLib/ili9225_lib/ILI9225.c(591): warning: implicit conversion loses integer precision: 'int' to 'char' [-Wimplicit-int-conversion]
  591 |                     draw_pixel(x + t, j, color);
      |                     ~~~~~~~~~~        ^
../../../HcubedLib/ili9225_lib/ILI9225.c(591): warning: implicit conversion loses integer precision: 'int' to 'char' [-Wimplicit-int-conversion]
  591 |                     draw_pixel(x + t, j, color);
      |                     ~~~~~~~~~~ ~~^~~
../../../HcubedLib/ili9225_lib/ILI9225.c(593): warning: implicit conversion loses integer precision: 'int' to 'char' [-Wimplicit-int-conversion]
  593 |                     draw_pixel(x + width - 1 - t, j, color);
      |                     ~~~~~~~~~~                    ^
../../../HcubedLib/ili9225_lib/ILI9225.c(593): warning: implicit conversion loses integer precision: 'int' to 'char' [-Wimplicit-int-conversion]
  593 |                     draw_pixel(x + width - 1 - t, j, color);
      |                     ~~~~~~~~~~ ~~~~~~~~~~~~~~^~~
../../../HcubedLib/ili9225_lib/ILI9225.c(597): warning: implicit conversion loses integer precision: 'int' to 'char' [-Wimplicit-int-conversion]
  597 |                     draw_pixel(i, y + t, color);
      |                     ~~~~~~~~~~    ~~^~~
../../../HcubedLib/ili9225_lib/ILI9225.c(597): warning: implicit conversion loses integer precision: 'int' to 'char' [-Wimplicit-int-conversion]
  597 |                     draw_pixel(i, y + t, color);
      |                     ~~~~~~~~~~ ^
../../../HcubedLib/ili9225_lib/ILI9225.c(599): warning: implicit conversion loses integer precision: 'int' to 'char' [-Wimplicit-int-conversion]
  599 |                     draw_pixel(i, y + height - 1 - t, color);
      |                     ~~~~~~~~~~    ~~~~~~~~~~~~~~~^~~
../../../HcubedLib/ili9225_lib/ILI9225.c(599): warning: implicit conversion loses integer precision: 'int' to 'char' [-Wimplicit-int-conversion]
  599 |                     draw_pixel(i, y + height - 1 - t, color);
      |                     ~~~~~~~~~~ ^
../../../HcubedLib/ili9225_lib/ILI9225.c(611): warning: implicit conversion loses integer precision: 'int' to 'char' [-Wimplicit-int-conversion]
  611 |                 draw_pixel(centerX + x, centerY + y, color);
      |                 ~~~~~~~~~~              ~~~~~~~~^~~
../../../HcubedLib/ili9225_lib/ILI9225.c(611): warning: implicit conversion loses integer precision: 'int' to 'char' [-Wimplicit-int-conversion]
  611 |                 draw_pixel(centerX + x, centerY + y, color);
      |                 ~~~~~~~~~~ ~~~~~~~~^~~
../../../HcubedLib/ili9225_lib/ILI9225.c(612): warning: implicit conversion loses integer precision: 'int' to 'char' [-Wimplicit-int-conversion]
  612 |                 draw_pixel(centerX - x, centerY + y, color);
      |                 ~~~~~~~~~~              ~~~~~~~~^~~
../../../HcubedLib/ili9225_lib/ILI9225.c(612): warning: implicit conversion loses integer precision: 'int' to 'char' [-Wimplicit-int-conversion]
  612 |                 draw_pixel(centerX - x, centerY + y, color);
      |                 ~~~~~~~~~~ ~~~~~~~~^~~
../../../HcubedLib/ili9225_lib/ILI9225.c(613): warning: implicit conversion loses integer precision: 'int' to 'char' [-Wimplicit-int-conversion]
  613 |                 draw_pixel(centerX + x, centerY - y, color);
      |                 ~~~~~~~~~~              ~~~~~~~~^~~
../../../HcubedLib/ili9225_lib/ILI9225.c(613): warning: implicit conversion loses integer precision: 'int' to 'char' [-Wimplicit-int-conversion]
  613 |                 draw_pixel(centerX + x, centerY - y, color);
      |                 ~~~~~~~~~~ ~~~~~~~~^~~
../../../HcubedLib/ili9225_lib/ILI9225.c(614): warning: implicit conversion loses integer precision: 'int' to 'char' [-Wimplicit-int-conversion]
  614 |                 draw_pixel(centerX - x, centerY - y, color);
      |                 ~~~~~~~~~~              ~~~~~~~~^~~
../../../HcubedLib/ili9225_lib/ILI9225.c(614): warning: implicit conversion loses integer precision: 'int' to 'char' [-Wimplicit-int-conversion]
  614 |                 draw_pixel(centerX - x, centerY - y, color);
      |                 ~~~~~~~~~~ ~~~~~~~~^~~
../../../HcubedLib/ili9225_lib/ILI9225.c(615): warning: implicit conversion loses integer precision: 'int' to 'char' [-Wimplicit-int-conversion]
  615 |                 draw_pixel(centerX + y, centerY + x, color);
      |                 ~~~~~~~~~~              ~~~~~~~~^~~
../../../HcubedLib/ili9225_lib/ILI9225.c(615): warning: implicit conversion loses integer precision: 'int' to 'char' [-Wimplicit-int-conversion]
  615 |                 draw_pixel(centerX + y, centerY + x, color);
      |                 ~~~~~~~~~~ ~~~~~~~~^~~
../../../HcubedLib/ili9225_lib/ILI9225.c(616): warning: implicit conversion loses integer precision: 'int' to 'char' [-Wimplicit-int-conversion]
  616 |                 draw_pixel(centerX - y, centerY + x, color);
      |                 ~~~~~~~~~~              ~~~~~~~~^~~
../../../HcubedLib/ili9225_lib/ILI9225.c(616): warning: implicit conversion loses integer precision: 'int' to 'char' [-Wimplicit-int-conversion]
  616 |                 draw_pixel(centerX - y, centerY + x, color);
      |                 ~~~~~~~~~~ ~~~~~~~~^~~
../../../HcubedLib/ili9225_lib/ILI9225.c(617): warning: implicit conversion loses integer precision: 'int' to 'char' [-Wimplicit-int-conversion]
  617 |                 draw_pixel(centerX + y, centerY - x, color);
      |                 ~~~~~~~~~~              ~~~~~~~~^~~
../../../HcubedLib/ili9225_lib/ILI9225.c(617): warning: implicit conversion loses integer precision: 'int' to 'char' [-Wimplicit-int-conversion]
  617 |                 draw_pixel(centerX + y, centerY - x, color);
      |                 ~~~~~~~~~~ ~~~~~~~~^~~
../../../HcubedLib/ili9225_lib/ILI9225.c(618): warning: implicit conversion loses integer precision: 'int' to 'char' [-Wimplicit-int-conversion]
  618 |                 draw_pixel(centerX - y, centerY - x, color);
      |                 ~~~~~~~~~~              ~~~~~~~~^~~
../../../HcubedLib/ili9225_lib/ILI9225.c(618): warning: implicit conversion loses integer precision: 'int' to 'char' [-Wimplicit-int-conversion]
  618 |                 draw_pixel(centerX - y, centerY - x, color);
      |                 ~~~~~~~~~~ ~~~~~~~~^~~
../../../HcubedLib/ili9225_lib/ILI9225.c(644): warning: implicit conversion loses integer precision: 'int' to 'char' [-Wimplicit-int-conversion]
  644 |         draw_pixel(x0, y0, color);  // Vẽ điểm ảnh tại (x0, y0)
      |         ~~~~~~~~~~     ^~
../../../HcubedLib/ili9225_lib/ILI9225.c(644): warning: implicit conversion loses integer precision: 'int' to 'char' [-Wimplicit-int-conversion]
  644 |         draw_pixel(x0, y0, color);  // Vẽ điểm ảnh tại (x0, y0)
      |         ~~~~~~~~~~ ^~
../../../HcubedLib/ili9225_lib/ILI9225.c(662): warning: implicit conversion turns floating-point number into integer: 'double' to 'int' [-Wfloat-conversion]
  662 |                 x[i] = centerX + radius * cos(angle);
      |                      ~ ~~~~~~~~^~~~~~~~~~~~~~~~~~~~~
../../../HcubedLib/ili9225_lib/ILI9225.c(663): warning: implicit conversion turns floating-point number into integer: 'double' to 'int' [-Wfloat-conversion]
  663 |                 y[i] = centerY - radius * sin(angle);
      |                      ~ ~~~~~~~~^~~~~~~~~~~~~~~~~~~~~
../../../HcubedLib/ili9225_lib/ILI9225.c(668): warning: implicit conversion loses integer precision: 'int' to 'uint16_t' (aka 'unsigned short') [-Wimplicit-int-conversion]
  668 |             drawLine(x[0], y[0], x[2], y[2], color);
      |             ~~~~~~~~                         ^~~~~
../../../HcubedLib/ili9225_lib/ILI9225.c(669): warning: implicit conversion loses integer precision: 'int' to 'uint16_t' (aka 'unsigned short') [-Wimplicit-int-conversion]
  669 |             drawLine(x[2], y[2], x[4], y[4], color);
      |             ~~~~~~~~                         ^~~~~
../../../HcubedLib/ili9225_lib/ILI9225.c(670): warning: implicit conversion loses integer precision: 'int' to 'uint16_t' (aka 'unsigned short') [-Wimplicit-int-conversion]
  670 |             drawLine(x[4], y[4], x[1], y[1], color);
      |             ~~~~~~~~                         ^~~~~
../../../HcubedLib/ili9225_lib/ILI9225.c(671): warning: implicit conversion loses integer precision: 'int' to 'uint16_t' (aka 'unsigned short') [-Wimplicit-int-conversion]
  671 |             drawLine(x[1], y[1], x[3], y[3], color);
      |             ~~~~~~~~                         ^~~~~
../../../HcubedLib/ili9225_lib/ILI9225.c(672): warning: implicit conversion loses integer precision: 'int' to 'uint16_t' (aka 'unsigned short') [-Wimplicit-int-conversion]
  672 |             drawLine(x[3], y[3], x[0], y[0], color);
      |             ~~~~~~~~                         ^~~~~
../../../HcubedLib/ili9225_lib/ILI9225.c(413): warning: unsafe buffer access [-Wunsafe-buffer-usage]
  413 |         line = FontLarge[font_index][12 - i];
      |                ^~~~~~~~~~~~~~~~~~~~~
../../../HcubedLib/ili9225_lib/ILI9225.c(413): warning: unsafe buffer access [-Wunsafe-buffer-usage]
  413 |         line = FontLarge[font_index][12 - i];
      |                ^~~~~~~~~
../../../HcubedLib/ili9225_lib/ILI9225.c(461): warning: unsafe buffer access [-Wunsafe-buffer-usage]
  461 |         line = FontLarge[font_index][12 - i];
      |                ^~~~~~~~~~~~~~~~~~~~~
../../../HcubedLib/ili9225_lib/ILI9225.c(461): warning: unsafe buffer access [-Wunsafe-buffer-usage]
  461 |         line = FontLarge[font_index][12 - i];
      |                ^~~~~~~~~
../../../HcubedLib/ili9225_lib/ILI9225.c(469): warning: unsafe buffer access [-Wunsafe-buffer-usage]
  469 |                 line = FontLarge[font_index][j];
      |                        ^~~~~~~~~~~~~~~~~~~~~
../../../HcubedLib/ili9225_lib/ILI9225.c(469): warning: unsafe buffer access [-Wunsafe-buffer-usage]
  469 |                 line = FontLarge[font_index][j];
      |                        ^~~~~~~~~
../../../HcubedLib/ili9225_lib/ILI9225.c(502): warning: unsafe buffer access [-Wunsafe-buffer-usage]
  502 |     while(str[counter] != '\0') {
      |           ^~~
../../../HcubedLib/ili9225_lib/ILI9225.c(506): warning: unsafe buffer access [-Wunsafe-buffer-usage]
  506 |         draw_char(char_pos, y, str[counter], colour, size);
      |                                ^~~
../../../HcubedLib/ili9225_lib/ILI9225.c(521): warning: unsafe buffer access [-Wunsafe-buffer-usage]
  521 |     while(str[counter] != '\0') {
      |           ^~~
../../../HcubedLib/ili9225_lib/ILI9225.c(523): warning: unsafe buffer access [-Wunsafe-buffer-usage]
  523 |         draw_fast_char(x + (counter * 9), y, str[counter], colour, bg_colour);
      |                                              ^~~
../../../HcubedLib/ili9225_lib/ILI9225.c(537): warning: unsafe buffer access [-Wunsafe-buffer-usage]
  537 |         int height = bmp[1];
      |                      ^~~
../../../HcubedLib/ili9225_lib/ILI9225.c(568): warning: unsafe buffer access [-Wunsafe-buffer-usage]
  568 |                                         this_byte = bmp[(height * (j + 1)) - i + 1];
      |                                                     ^~~
../../../HcubedLib/ili9225_lib/ILI9225.c(570): warning: unsafe buffer access [-Wunsafe-buffer-usage]
  570 |                                         this_byte = bmp[(width * (i)) + j + 1];
      |                                                     ^~~
../../../HcubedLib/ili9225_lib/ILI9225.c(662): warning: unsafe buffer access [-Wunsafe-buffer-usage]
  662 |                 x[i] = centerX + radius * cos(angle);
      |                 ^
../../../HcubedLib/ili9225_lib/ILI9225.c(663): warning: unsafe buffer access [-Wunsafe-buffer-usage]
  663 |                 y[i] = centerY - radius * sin(angle);
      |                 ^
../../../HcubedLib/ili9225_lib/ILI9225.c(668): warning: unsafe buffer access [-Wunsafe-buffer-usage]
  668 |             drawLine(x[0], y[0], x[2], y[2], color);
      |                                  ^
../../../HcubedLib/ili9225_lib/ILI9225.c(668): warning: unsafe buffer access [-Wunsafe-buffer-usage]
  668 |             drawLine(x[0], y[0], x[2], y[2], color);
      |                                        ^
../../../HcubedLib/ili9225_lib/ILI9225.c(669): warning: unsafe buffer access [-Wunsafe-buffer-usage]
  669 |             drawLine(x[2], y[2], x[4], y[4], color);
      |                      ^
../../../HcubedLib/ili9225_lib/ILI9225.c(669): warning: unsafe buffer access [-Wunsafe-buffer-usage]
  669 |             drawLine(x[2], y[2], x[4], y[4], color);
      |                            ^
../../../HcubedLib/ili9225_lib/ILI9225.c(669): warning: unsafe buffer access [-Wunsafe-buffer-usage]
  669 |             drawLine(x[2], y[2], x[4], y[4], color);
      |                                  ^
../../../HcubedLib/ili9225_lib/ILI9225.c(669): warning: unsafe buffer access [-Wunsafe-buffer-usage]
  669 |             drawLine(x[2], y[2], x[4], y[4], color);
      |                                        ^
../../../HcubedLib/ili9225_lib/ILI9225.c(670): warning: unsafe buffer access [-Wunsafe-buffer-usage]
  670 |             drawLine(x[4], y[4], x[1], y[1], color);
      |                      ^
../../../HcubedLib/ili9225_lib/ILI9225.c(670): warning: unsafe buffer access [-Wunsafe-buffer-usage]
  670 |             drawLine(x[4], y[4], x[1], y[1], color);
      |                            ^
../../../HcubedLib/ili9225_lib/ILI9225.c(670): warning: unsafe buffer access [-Wunsafe-buffer-usage]
  670 |             drawLine(x[4], y[4], x[1], y[1], color);
      |                                  ^
../../../HcubedLib/ili9225_lib/ILI9225.c(670): warning: unsafe buffer access [-Wunsafe-buffer-usage]
  670 |             drawLine(x[4], y[4], x[1], y[1], color);
      |                                        ^
../../../HcubedLib/ili9225_lib/ILI9225.c(671): warning: unsafe buffer access [-Wunsafe-buffer-usage]
  671 |             drawLine(x[1], y[1], x[3], y[3], color);
      |                      ^
../../../HcubedLib/ili9225_lib/ILI9225.c(671): warning: unsafe buffer access [-Wunsafe-buffer-usage]
  671 |             drawLine(x[1], y[1], x[3], y[3], color);
      |                            ^
../../../HcubedLib/ili9225_lib/ILI9225.c(671): warning: unsafe buffer access [-Wunsafe-buffer-usage]
  671 |             drawLine(x[1], y[1], x[3], y[3], color);
      |                                  ^
../../../HcubedLib/ili9225_lib/ILI9225.c(671): warning: unsafe buffer access [-Wunsafe-buffer-usage]
  671 |             drawLine(x[1], y[1], x[3], y[3], color);
      |                                        ^
../../../HcubedLib/ili9225_lib/ILI9225.c(672): warning: unsafe buffer access [-Wunsafe-buffer-usage]
  672 |             drawLine(x[3], y[3], x[0], y[0], color);
      |                      ^
../../../HcubedLib/ili9225_lib/ILI9225.c(672): warning: unsafe buffer access [-Wunsafe-buffer-usage]
  672 |             drawLine(x[3], y[3], x[0], y[0], color);
      |                            ^
107 warnings generated.
compiling ILI9225.c...
linking...
Program Size: Code=8976 RO-data=616 RW-data=0 ZI-data=1632  
".\Objects\TFT_ili9225.axf" - 0 Error(s), 107 Warning(s).

<h2>Software Packages used:</h2>

Package Vendor: ARM
                http://www.keil.com/pack/ARM.CMSIS.5.9.0.pack
                ARM::CMSIS@5.9.0
                CMSIS (Common Microcontroller Software Interface Standard)
   * Component: CORE Version: 5.6.0

Package Vendor: Keil
                https://www.keil.com/pack/Keil.STM32F1xx_DFP.2.4.1.pack
                Keil::STM32F1xx_DFP@2.4.1
                STMicroelectronics STM32F1 Series Device Support, Drivers and Examples
   * Component: Startup Version: 1.0.0
   * Component: Framework Version: 3.6.0
   * Component: RCC Version: 3.6.0
   * Component: SPI Version: 3.6.0

<h2>Collection of Component include folders:</h2>
  ./RTE/Device/STM32F103RC
  ./RTE/_Target_1
  C:/Users/Hoang/AppData/Local/Arm/Packs/ARM/CMSIS/5.9.0/CMSIS/Core/Include
  C:/Users/Hoang/AppData/Local/Arm/Packs/Keil/STM32F1xx_DFP/2.4.1/Device/Include
  C:/Users/Hoang/AppData/Local/Arm/Packs/Keil/STM32F1xx_DFP/2.4.1/Device/StdPeriph_Driver/inc

<h2>Collection of Component Files used:</h2>

   * Component: ARM::CMSIS:CORE@5.6.0

   * Component: Keil::Device:Startup@1.0.0
      Source file:   Device/Source/ARM/STM32F1xx_OPT.s
      Source file:   Device/Source/system_stm32f10x.c
      Source file:   Device/Source/ARM/startup_stm32f10x_hd.s
      Include file:  RTE_Driver/Config/RTE_Device.h

   * Component: Keil::Device:StdPeriph Drivers:Framework@3.6.0
      Include file:  Device/StdPeriph_Driver/inc/misc.h
      Source file:   Device/StdPeriph_Driver/src/misc.c
      Source file:   Device/StdPeriph_Driver/templates/stm32f10x_it.c
      Source file:   Device/StdPeriph_Driver/templates/stm32f10x_conf.h
      Include file:  Device/StdPeriph_Driver/templates/stm32f10x_it.h

   * Component: Keil::Device:StdPeriph Drivers:RCC@3.6.0
      Include file:  Device/StdPeriph_Driver/inc/stm32f10x_rcc.h
      Source file:   Device/StdPeriph_Driver/src/stm32f10x_rcc.c

   * Component: Keil::Device:StdPeriph Drivers:SPI@3.6.0
      Include file:  Device/StdPeriph_Driver/inc/stm32f10x_spi.h
      Source file:   Device/StdPeriph_Driver/src/stm32f10x_spi.c
Build Time Elapsed:  00:00:02
</pre>
</body>
</html>
