<html>
<body>
<pre>
<h1>µVision Build Log</h1>
<h2>Tool Versions:</h2>
IDE-Version: µVision V5.39.0.0
Copyright (C) 2023 ARM Ltd and ARM Germany GmbH. All rights reserved.
License Information: hkjh hk, jh, LIC=----
 
Tool Versions:
Toolchain:       MDK-Lite  Version: 5.39.0.0
Toolchain Path:  C:\Keil_v5\ARM\ARMCLANG\Bin
C Compiler:      ArmClang.exe V6.21
Assembler:       Armasm.exe V6.21
Linker/Locator:  ArmLink.exe V6.21
Library Manager: ArmAr.exe V6.21
Hex Converter:   FromElf.exe V6.21
CPU DLL:         SARMCM3.DLL V5.39.0.0
Dialog DLL:      DCM.DLL V1.17.5.0
Target DLL:      STLink\ST-LINKIII-KEIL_SWO.dll V3.2.0.0
Dialog DLL:      TCM.DLL V1.56.4.0
 
<h2>Project:</h2>
C:\Users\Hoang\Documents\source\STM32f1(standard)\led 7 thanh\Led7thanh.uvprojx
Project File Date:  04/23/2024

<h2>Output:</h2>
*** Using Compiler 'V6.21', folder: 'C:\Keil_v5\ARM\ARMCLANG\Bin'
Build target 'Target 1'
led7thanh.c(1): warning: In file included from...
C:/Users/Hoang/AppData/Local/Arm/Packs/Keil/STM32F1xx_DFP/2.4.1/Device/Include\stm32f10x.h(18): warning: invalid UTF-8 in comment [-Winvalid-utf8]
   18 |   *              - To use or not the peripheral<92>s drivers in application code(i.e. 
      |                                                ^
C:/Users/Hoang/AppData/Local/Arm/Packs/Keil/STM32F1xx_DFP/2.4.1/Device/Include\stm32f10x.h(19): warning: invalid UTF-8 in comment [-Winvalid-utf8]
   19 |   *                code will be based on direct access to peripheral<92>s registers 
      |                                                                     ^
C:/Users/Hoang/AppData/Local/Arm/Packs/Keil/STM32F1xx_DFP/2.4.1/Device/Include\stm32f10x.h(26): warning: invalid UTF-8 in comment [-Winvalid-utf8]
   26 |   *           - Macros to access peripheral<92>s registers hardware
      |                                            ^
led7thanh.c(1): warning: In file included from...
C:/Users/Hoang/AppData/Local/Arm/Packs/Keil/STM32F1xx_DFP/2.4.1/Device/Include\stm32f10x.h(8347): warning: In file included from...
./RTE/Device/STM32F103C8\stm32f10x_conf.h(63): warning: In file included from...
C:/Users/Hoang/AppData/Local/Arm/Packs/Keil/STM32F1xx_DFP/2.4.1/Device/StdPeriph_Driver/inc\stm32f10x_gpio.h(31): warning: In file included from...
C:/Users/Hoang/AppData/Local/Arm/Packs/Keil/STM32F1xx_DFP/2.4.1/Device/Include\stm32f10x.h(18): warning: invalid UTF-8 in comment [-Winvalid-utf8]
   18 |   *              - To use or not the peripheral<92>s drivers in application code(i.e. 
      |                                                ^
C:/Users/Hoang/AppData/Local/Arm/Packs/Keil/STM32F1xx_DFP/2.4.1/Device/Include\stm32f10x.h(19): warning: invalid UTF-8 in comment [-Winvalid-utf8]
   19 |   *                code will be based on direct access to peripheral<92>s registers 
      |                                                                     ^
C:/Users/Hoang/AppData/Local/Arm/Packs/Keil/STM32F1xx_DFP/2.4.1/Device/Include\stm32f10x.h(26): warning: invalid UTF-8 in comment [-Winvalid-utf8]
   26 |   *           - Macros to access peripheral<92>s registers hardware
      |                                            ^
led7thanh.c(1): warning: In file included from...
C:/Users/Hoang/AppData/Local/Arm/Packs/Keil/STM32F1xx_DFP/2.4.1/Device/Include\stm32f10x.h(8347): warning: In file included from...
./RTE/Device/STM32F103C8\stm32f10x_conf.h(75): warning: In file included from...
C:/Users/Hoang/AppData/Local/Arm/Packs/Keil/STM32F1xx_DFP/2.4.1/Device/StdPeriph_Driver/inc\stm32f10x_rcc.h(31): warning: In file included from...
C:/Users/Hoang/AppData/Local/Arm/Packs/Keil/STM32F1xx_DFP/2.4.1/Device/Include\stm32f10x.h(18): warning: invalid UTF-8 in comment [-Winvalid-utf8]
   18 |   *              - To use or not the peripheral<92>s drivers in application code(i.e. 
      |                                                ^
C:/Users/Hoang/AppData/Local/Arm/Packs/Keil/STM32F1xx_DFP/2.4.1/Device/Include\stm32f10x.h(19): warning: invalid UTF-8 in comment [-Winvalid-utf8]
   19 |   *                code will be based on direct access to peripheral<92>s registers 
      |                                                                     ^
C:/Users/Hoang/AppData/Local/Arm/Packs/Keil/STM32F1xx_DFP/2.4.1/Device/Include\stm32f10x.h(26): warning: invalid UTF-8 in comment [-Winvalid-utf8]
   26 |   *           - Macros to access peripheral<92>s registers hardware
      |                                            ^
led7thanh.c(1): warning: In file included from...
C:/Users/Hoang/AppData/Local/Arm/Packs/Keil/STM32F1xx_DFP/2.4.1/Device/Include\stm32f10x.h(8347): warning: In file included from...
./RTE/Device/STM32F103C8\stm32f10x_conf.h(96): warning: In file included from...
C:/Users/Hoang/AppData/Local/Arm/Packs/Keil/STM32F1xx_DFP/2.4.1/Device/StdPeriph_Driver/inc\misc.h(31): warning: In file included from...
C:/Users/Hoang/AppData/Local/Arm/Packs/Keil/STM32F1xx_DFP/2.4.1/Device/Include\stm32f10x.h(18): warning: invalid UTF-8 in comment [-Winvalid-utf8]
   18 |   *              - To use or not the peripheral<92>s drivers in application code(i.e. 
      |                                                ^
C:/Users/Hoang/AppData/Local/Arm/Packs/Keil/STM32F1xx_DFP/2.4.1/Device/Include\stm32f10x.h(19): warning: invalid UTF-8 in comment [-Winvalid-utf8]
   19 |   *                code will be based on direct access to peripheral<92>s registers 
      |                                                                     ^
C:/Users/Hoang/AppData/Local/Arm/Packs/Keil/STM32F1xx_DFP/2.4.1/Device/Include\stm32f10x.h(26): warning: invalid UTF-8 in comment [-Winvalid-utf8]
   26 |   *           - Macros to access peripheral<92>s registers hardware
      |                                            ^
led7thanh.c(2): warning: In file included from...
../HcubedLib/GPIO\GPIO.h(18): warning: 'INPUT' macro redefined [-Wmacro-redefined]
   18 | #define         INPUT                                                   GPIO_Mode_IN_FLOATING //ngo vao tha noi
      |                 ^
../HcubedLib/GPIO\GPIO.h(17): note: previous definition is here
   17 | #define         INPUT PULLDOWN          GPIO_Mode_IPD                                   //ngo vao keo xuong
      |                 ^
../HcubedLib/GPIO\GPIO.h(98): warning: no newline at end of file [-Wnewline-eof]
   98 |  
      |  ^
led7thanh.c(4): warning: no previous extern declaration for non-static variable 'ma_led' [-Wmissing-variable-declarations]
    4 | char ma_led[]={0x00c0,0x00f9,0x00a4,0x00b0,0x0099, 
      |      ^
led7thanh.c(4): note: declare 'static' if the variable is not intended to be used outside of this translation unit
    4 | char ma_led[]={0x00c0,0x00f9,0x00a4,0x00b0,0x0099, 
      | ^
led7thanh.c(20): warning: no newline at end of file [-Wnewline-eof]
   20 | }
      |  ^
led7thanh.c(16): warning: unsafe buffer access [-Wunsafe-buffer-usage]
   16 |                         GPIOA->ODR = ma_led[i];
      |                                      ^~~~~~
17 warnings generated.
compiling led7thanh.c...
linking...
Program Size: Code=1520 RO-data=268 RW-data=12 ZI-data=1632  
FromELF: creating hex file...
".\Objects\Led7thanh.axf" - 0 Error(s), 17 Warning(s).

<h2>Software Packages used:</h2>

Package Vendor: ARM
                http://www.keil.com/pack/ARM.CMSIS.5.9.0.pack
                ARM::CMSIS@5.9.0
                CMSIS (Common Microcontroller Software Interface Standard)
   * Component: CORE Version: 5.6.0

Package Vendor: Keil
                https://www.keil.com/pack/Keil.STM32F1xx_DFP.2.4.1.pack
                Keil::STM32F1xx_DFP@2.4.1
                STMicroelectronics STM32F1 Series Device Support, Drivers and Examples
   * Component: Startup Version: 1.0.0
   * Component: Framework Version: 3.6.0
   * Component: GPIO Version: 3.6.0
   * Component: RCC Version: 3.6.0

<h2>Collection of Component include folders:</h2>
  ./RTE/Device/STM32F103C8
  ./RTE/_Target_1
  C:/Users/Hoang/AppData/Local/Arm/Packs/ARM/CMSIS/5.9.0/CMSIS/Core/Include
  C:/Users/Hoang/AppData/Local/Arm/Packs/Keil/STM32F1xx_DFP/2.4.1/Device/Include
  C:/Users/Hoang/AppData/Local/Arm/Packs/Keil/STM32F1xx_DFP/2.4.1/Device/StdPeriph_Driver/inc

<h2>Collection of Component Files used:</h2>

   * Component: ARM::CMSIS:CORE@5.6.0

   * Component: Keil::Device:Startup@1.0.0
      Source file:   Device/Source/system_stm32f10x.c
      Source file:   Device/Source/ARM/STM32F1xx_OPT.s
      Include file:  RTE_Driver/Config/RTE_Device.h
      Source file:   Device/Source/ARM/startup_stm32f10x_md.s

   * Component: Keil::Device:StdPeriph Drivers:Framework@3.6.0
      Include file:  Device/StdPeriph_Driver/inc/misc.h
      Source file:   Device/StdPeriph_Driver/src/misc.c
      Source file:   Device/StdPeriph_Driver/templates/stm32f10x_conf.h
      Include file:  Device/StdPeriph_Driver/templates/stm32f10x_it.h
      Source file:   Device/StdPeriph_Driver/templates/stm32f10x_it.c

   * Component: Keil::Device:StdPeriph Drivers:GPIO@3.6.0
      Include file:  Device/StdPeriph_Driver/inc/stm32f10x_gpio.h
      Source file:   Device/StdPeriph_Driver/src/stm32f10x_gpio.c

   * Component: Keil::Device:StdPeriph Drivers:RCC@3.6.0
      Include file:  Device/StdPeriph_Driver/inc/stm32f10x_rcc.h
      Source file:   Device/StdPeriph_Driver/src/stm32f10x_rcc.c
Build Time Elapsed:  00:00:00
</pre>
</body>
</html>
