Archive member included to satisfy reference by file (symbol)

C:/ST/STM32CubeIDE_1.16.0/STM32CubeIDE/plugins/com.st.stm32cube.ide.mcu.externaltools.gnu-tools-for-stm32.12.3.rel1.win32_1.0.200.202406191623/tools/bin/../lib/gcc/arm-none-eabi/12.3.1/../../../../arm-none-eabi/lib/thumb/v7-m/nofp\libc_nano.a(libc_a-exit.o)
                              C:/ST/STM32CubeIDE_1.16.0/STM32CubeIDE/plugins/com.st.stm32cube.ide.mcu.externaltools.gnu-tools-for-stm32.12.3.rel1.win32_1.0.200.202406191623/tools/bin/../lib/gcc/arm-none-eabi/12.3.1/../../../../arm-none-eabi/lib/thumb/v7-m/nofp/crt0.o (exit)
C:/ST/STM32CubeIDE_1.16.0/STM32CubeIDE/plugins/com.st.stm32cube.ide.mcu.externaltools.gnu-tools-for-stm32.12.3.rel1.win32_1.0.200.202406191623/tools/bin/../lib/gcc/arm-none-eabi/12.3.1/../../../../arm-none-eabi/lib/thumb/v7-m/nofp\libc_nano.a(libc_a-findfp.o)
                              C:/ST/STM32CubeIDE_1.16.0/STM32CubeIDE/plugins/com.st.stm32cube.ide.mcu.externaltools.gnu-tools-for-stm32.12.3.rel1.win32_1.0.200.202406191623/tools/bin/../lib/gcc/arm-none-eabi/12.3.1/../../../../arm-none-eabi/lib/thumb/v7-m/nofp\libc_nano.a(libc_a-exit.o) (__stdio_exit_handler)
C:/ST/STM32CubeIDE_1.16.0/STM32CubeIDE/plugins/com.st.stm32cube.ide.mcu.externaltools.gnu-tools-for-stm32.12.3.rel1.win32_1.0.200.202406191623/tools/bin/../lib/gcc/arm-none-eabi/12.3.1/../../../../arm-none-eabi/lib/thumb/v7-m/nofp\libc_nano.a(libc_a-fwalk.o)
                              C:/ST/STM32CubeIDE_1.16.0/STM32CubeIDE/plugins/com.st.stm32cube.ide.mcu.externaltools.gnu-tools-for-stm32.12.3.rel1.win32_1.0.200.202406191623/tools/bin/../lib/gcc/arm-none-eabi/12.3.1/../../../../arm-none-eabi/lib/thumb/v7-m/nofp\libc_nano.a(libc_a-findfp.o) (_fwalk_sglue)
C:/ST/STM32CubeIDE_1.16.0/STM32CubeIDE/plugins/com.st.stm32cube.ide.mcu.externaltools.gnu-tools-for-stm32.12.3.rel1.win32_1.0.200.202406191623/tools/bin/../lib/gcc/arm-none-eabi/12.3.1/../../../../arm-none-eabi/lib/thumb/v7-m/nofp\libc_nano.a(libc_a-stdio.o)
                              C:/ST/STM32CubeIDE_1.16.0/STM32CubeIDE/plugins/com.st.stm32cube.ide.mcu.externaltools.gnu-tools-for-stm32.12.3.rel1.win32_1.0.200.202406191623/tools/bin/../lib/gcc/arm-none-eabi/12.3.1/../../../../arm-none-eabi/lib/thumb/v7-m/nofp\libc_nano.a(libc_a-findfp.o) (__sread)
C:/ST/STM32CubeIDE_1.16.0/STM32CubeIDE/plugins/com.st.stm32cube.ide.mcu.externaltools.gnu-tools-for-stm32.12.3.rel1.win32_1.0.200.202406191623/tools/bin/../lib/gcc/arm-none-eabi/12.3.1/../../../../arm-none-eabi/lib/thumb/v7-m/nofp\libc_nano.a(libc_a-memset.o)
                              C:/ST/STM32CubeIDE_1.16.0/STM32CubeIDE/plugins/com.st.stm32cube.ide.mcu.externaltools.gnu-tools-for-stm32.12.3.rel1.win32_1.0.200.202406191623/tools/bin/../lib/gcc/arm-none-eabi/12.3.1/../../../../arm-none-eabi/lib/thumb/v7-m/nofp/crt0.o (memset)
C:/ST/STM32CubeIDE_1.16.0/STM32CubeIDE/plugins/com.st.stm32cube.ide.mcu.externaltools.gnu-tools-for-stm32.12.3.rel1.win32_1.0.200.202406191623/tools/bin/../lib/gcc/arm-none-eabi/12.3.1/../../../../arm-none-eabi/lib/thumb/v7-m/nofp\libc_nano.a(libc_a-closer.o)
                              C:/ST/STM32CubeIDE_1.16.0/STM32CubeIDE/plugins/com.st.stm32cube.ide.mcu.externaltools.gnu-tools-for-stm32.12.3.rel1.win32_1.0.200.202406191623/tools/bin/../lib/gcc/arm-none-eabi/12.3.1/../../../../arm-none-eabi/lib/thumb/v7-m/nofp\libc_nano.a(libc_a-stdio.o) (_close_r)
C:/ST/STM32CubeIDE_1.16.0/STM32CubeIDE/plugins/com.st.stm32cube.ide.mcu.externaltools.gnu-tools-for-stm32.12.3.rel1.win32_1.0.200.202406191623/tools/bin/../lib/gcc/arm-none-eabi/12.3.1/../../../../arm-none-eabi/lib/thumb/v7-m/nofp\libc_nano.a(libc_a-reent.o)
                              C:/ST/STM32CubeIDE_1.16.0/STM32CubeIDE/plugins/com.st.stm32cube.ide.mcu.externaltools.gnu-tools-for-stm32.12.3.rel1.win32_1.0.200.202406191623/tools/bin/../lib/gcc/arm-none-eabi/12.3.1/../../../../arm-none-eabi/lib/thumb/v7-m/nofp\libc_nano.a(libc_a-closer.o) (errno)
C:/ST/STM32CubeIDE_1.16.0/STM32CubeIDE/plugins/com.st.stm32cube.ide.mcu.externaltools.gnu-tools-for-stm32.12.3.rel1.win32_1.0.200.202406191623/tools/bin/../lib/gcc/arm-none-eabi/12.3.1/../../../../arm-none-eabi/lib/thumb/v7-m/nofp\libc_nano.a(libc_a-impure.o)
                              C:/ST/STM32CubeIDE_1.16.0/STM32CubeIDE/plugins/com.st.stm32cube.ide.mcu.externaltools.gnu-tools-for-stm32.12.3.rel1.win32_1.0.200.202406191623/tools/bin/../lib/gcc/arm-none-eabi/12.3.1/../../../../arm-none-eabi/lib/thumb/v7-m/nofp\libc_nano.a(libc_a-reent.o) (_impure_ptr)
C:/ST/STM32CubeIDE_1.16.0/STM32CubeIDE/plugins/com.st.stm32cube.ide.mcu.externaltools.gnu-tools-for-stm32.12.3.rel1.win32_1.0.200.202406191623/tools/bin/../lib/gcc/arm-none-eabi/12.3.1/../../../../arm-none-eabi/lib/thumb/v7-m/nofp\libc_nano.a(libc_a-lseekr.o)
[...]
Memory Configuration

Name             Origin             Length             Attributes
RAM              0x20000000         0x0000c000         xrw
FLASH            0x08000000         0x00040000         xr
*default*        0x00000000         0xffffffff

Linker script and memory map

LOAD C:/ST/STM32CubeIDE_1.16.0/STM32CubeIDE/plugins/com.st.stm32cube.ide.mcu.externaltools.gnu-tools-for-stm32.12.3.rel1.win32_1.0.200.202406191623/tools/bin/../lib/gcc/arm-none-eabi/12.3.1/thumb/v7-m/nofp/crti.o
LOAD C:/ST/STM32CubeIDE_1.16.0/STM32CubeIDE/plugins/com.st.stm32cube.ide.mcu.externaltools.gnu-tools-for-stm32.12.3.rel1.win32_1.0.200.202406191623/tools/bin/../lib/gcc/arm-none-eabi/12.3.1/thumb/v7-m/nofp/crtbegin.o
LOAD C:/ST/STM32CubeIDE_1.16.0/STM32CubeIDE/plugins/com.st.stm32cube.ide.mcu.externaltools.gnu-tools-for-stm32.12.3.rel1.win32_1.0.200.202406191623/tools/bin/../lib/gcc/arm-none-eabi/12.3.1/../../../../arm-none-eabi/lib/thumb/v7-m/nofp/crt0.o
LOAD ./Core/Src/ILI9225.o
LOAD ./Core/Src/main.o
LOAD ./Core/Src/stm32f1xx_hal_msp.o
LOAD ./Core/Src/stm32f1xx_it.o
LOAD ./Core/Src/syscalls.o
LOAD ./Core/Src/sysmem.o
LOAD ./Core/Src/system_stm32f1xx.o
LOAD ./Core/Startup/startup_stm32f103rctx.o
LOAD ./Drivers/STM32F1xx_HAL_Driver/Src/stm32f1xx_hal.o
LOAD ./Drivers/STM32F1xx_HAL_Driver/Src/stm32f1xx_hal_cortex.o
LOAD ./Drivers/STM32F1xx_HAL_Driver/Src/stm32f1xx_hal_dma.o
LOAD ./Drivers/STM32F1xx_HAL_Driver/Src/stm32f1xx_hal_exti.o
LOAD ./Drivers/STM32F1xx_HAL_Driver/Src/stm32f1xx_hal_flash.o
LOAD ./Drivers/STM32F1xx_HAL_Driver/Src/stm32f1xx_hal_flash_ex.o
LOAD ./Drivers/STM32F1xx_HAL_Driver/Src/stm32f1xx_hal_gpio.o
LOAD ./Drivers/STM32F1xx_HAL_Driver/Src/stm32f1xx_hal_gpio_ex.o
LOAD ./Drivers/STM32F1xx_HAL_Driver/Src/stm32f1xx_hal_pwr.o
LOAD ./Drivers/STM32F1xx_HAL_Driver/Src/stm32f1xx_hal_rcc.o
LOAD ./Drivers/STM32F1xx_HAL_Driver/Src/stm32f1xx_hal_rcc_ex.o
LOAD ./Drivers/STM32F1xx_HAL_Driver/Src/stm32f1xx_hal_spi.o
LOAD ./Drivers/STM32F1xx_HAL_Driver/Src/stm32f1xx_hal_tim.o
LOAD ./Drivers/STM32F1xx_HAL_Driver/Src/stm32f1xx_hal_tim_ex.o
START GROUP
LOAD C:/ST/STM32CubeIDE_1.16.0/STM32CubeIDE/plugins/com.st.stm32cube.ide.mcu.externaltools.gnu-tools-for-stm32.12.3.rel1.win32_1.0.200.202406191623/tools/bin/../lib/gcc/arm-none-eabi/12.3.1/../../../../arm-none-eabi/lib/thumb/v7-m/nofp\libc_nano.a
LOAD C:/ST/STM32CubeIDE_1.16.0/STM32CubeIDE/plugins/com.st.stm32cube.ide.mcu.externaltools.gnu-tools-for-stm32.12.3.rel1.win32_1.0.200.202406191623/tools/bin/../lib/gcc/arm-none-eabi/12.3.1/../../../../arm-none-eabi/lib/thumb/v7-m/nofp\libm.a
END GROUP
START GROUP
LOAD C:/ST/STM32CubeIDE_1.16.0/STM32CubeIDE/plugins/com.st.stm32cube.ide.mcu.externaltools.gnu-tools-for-stm32.12.3.rel1.win32_1.0.200.202406191623/tools/bin/../lib/gcc/arm-none-eabi/12.3.1/thumb/v7-m/nofp\libgcc.a
LOAD C:/ST/STM32CubeIDE_1.16.0/STM32CubeIDE/plugins/com.st.stm32cube.ide.mcu.externaltools.gnu-tools-for-stm32.12.3.rel1.win32_1.0.200.202406191623/tools/bin/../lib/gcc/arm-none-eabi/12.3.1/../../../../arm-none-eabi/lib/thumb/v7-m/nofp\libc_nano.a
END GROUP
START GROUP
LOAD C:/ST/STM32CubeIDE_1.16.0/STM32CubeIDE/plugins/com.st.stm32cube.ide.mcu.externaltools.gnu-tools-for-stm32.12.3.rel1.win32_1.0.200.202406191623/tools/bin/../lib/gcc/arm-none-eabi/12.3.1/thumb/v7-m/nofp\libgcc.a
LOAD C:/ST/STM32CubeIDE_1.16.0/STM32CubeIDE/plugins/com.st.stm32cube.ide.mcu.externaltools.gnu-tools-for-stm32.12.3.rel1.win32_1.0.200.202406191623/tools/bin/../lib/gcc/arm-none-eabi/12.3.1/../../../../arm-none-eabi/lib/thumb/v7-m/nofp\libc_nano.a
LOAD C:/ST/STM32CubeIDE_1.16.0/STM32CubeIDE/plugins/com.st.stm32cube.ide.mcu.externaltools.gnu-tools-for-stm32.12.3.rel1.win32_1.0.200.202406191623/tools/bin/../lib/gcc/arm-none-eabi/12.3.1/../../../../arm-none-eabi/lib/thumb/v7-m/nofp\libnosys.a
END GROUP
START GROUP
LOAD C:/ST/STM32CubeIDE_1.16.0/STM32CubeIDE/plugins/com.st.stm32cube.ide.mcu.externaltools.gnu-tools-for-stm32.12.3.rel1.win32_1.0.200.202406191623/tools/bin/../lib/gcc/arm-none-eabi/12.3.1/thumb/v7-m/nofp\libgcc.a
LOAD C:/ST/STM32CubeIDE_1.16.0/STM32CubeIDE/plugins/com.st.stm32cube.ide.mcu.externaltools.gnu-tools-for-stm32.12.3.rel1.win32_1.0.200.202406191623/tools/bin/../lib/gcc/arm-none-eabi/12.3.1/../../../../arm-none-eabi/lib/thumb/v7-m/nofp\libc_nano.a
LOAD C:/ST/STM32CubeIDE_1.16.0/STM32CubeIDE/plugins/com.st.stm32cube.ide.mcu.externaltools.gnu-tools-for-stm32.12.3.rel1.win32_1.0.200.202406191623/tools/bin/../lib/gcc/arm-none-eabi/12.3.1/../../../../arm-none-eabi/lib/thumb/v7-m/nofp\libnosys.a
END GROUP
LOAD C:/ST/STM32CubeIDE_1.16.0/STM32CubeIDE/plugins/com.st.stm32cube.ide.mcu.externaltools.gnu-tools-for-stm32.12.3.rel1.win32_1.0.200.202406191623/tools/bin/../lib/gcc/arm-none-eabi/12.3.1/thumb/v7-m/nofp/crtend.o
LOAD C:/ST/STM32CubeIDE_1.16.0/STM32CubeIDE/plugins/com.st.stm32cube.ide.mcu.externaltools.gnu-tools-for-stm32.12.3.rel1.win32_1.0.200.202406191623/tools/bin/../lib/gcc/arm-none-eabi/12.3.1/thumb/v7-m/nofp/crtn.o
                0x2000c000                        _estack = (ORIGIN (RAM) + LENGTH (RAM))
                0x00000200                        _Min_Heap_Size = 0x200
                0x00000400                        _Min_Stack_Size = 0x400

.isr_vector     0x08000000      0x1e4
                0x08000000                        . = ALIGN (0x4)
 *(.isr_vector)
 .isr_vector    0x08000000      0x1e4 ./Core/Startup/startup_stm32f103rctx.o
                0x08000000                g_pfnVectors
                0x080001e4                        . = ALIGN (0x4)

.text           0x080001e8     0x3998
                0x080001e8                        . = ALIGN (0x4)
 *(.text)
 .text          0x080001e8       0x40 C:/ST/STM32CubeIDE_1.16.0/STM32CubeIDE/plugins/com.st.stm32cube.ide.mcu.externaltools.gnu-tools-for-stm32.12.3.rel1.win32_1.0.200.202406191623/tools/bin/../lib/gcc/arm-none-eabi/12.3.1/thumb/v7-m/nofp/crtbegin.o
 .text          0x08000228      0x254 C:/ST/STM32CubeIDE_1.16.0/STM32CubeIDE/plugins/com.st.stm32cube.ide.mcu.externaltools.gnu-tools-for-stm32.12.3.rel1.win32_1.0.200.202406191623/tools/bin/../lib/gcc/arm-none-eabi/12.3.1/thumb/v7-m/nofp\libgcc.a(_arm_muldf3.o)
                0x08000228                __muldf3
                0x08000228                __aeabi_dmul
 .text          0x0800047c      0x378 C:/ST/STM32CubeIDE_1.16.0/STM32CubeIDE/plugins/com.st.stm32cube.ide.mcu.externaltools.gnu-tools-for-stm32.12.3.rel1.win32_1.0.200.202406191623/tools/bin/../lib/gcc/arm-none-eabi/12.3.1/thumb/v7-m/nofp\libgcc.a(_arm_addsubdf3.o)
                0x0800047c                __aeabi_drsub
                0x08000484                __aeabi_dsub
                0x08000484                __subdf3
                0x08000488                __aeabi_dadd
                0x08000488                __adddf3
                0x08000700                __floatunsidf
                0x08000700                __aeabi_ui2d
                0x08000720                __floatsidf
                0x08000720                __aeabi_i2d
                0x08000744                __aeabi_f2d
                0x08000744                __extendsfdf2
                0x08000788                __floatundidf
                0x08000788                __aeabi_ul2d
                0x08000798                __floatdidf
                0x08000798                __aeabi_l2d
 .text          0x080007f4      0x110 C:/ST/STM32CubeIDE_1.16.0/STM32CubeIDE/plugins/com.st.stm32cube.ide.mcu.externaltools.gnu-tools-for-stm32.12.3.rel1.win32_1.0.200.202406191623/tools/bin/../lib/gcc/arm-none-eabi/12.3.1/thumb/v7-m/nofp\libgcc.a(_arm_cmpdf2.o)
                0x080007f4                __gtdf2
                0x080007f4                __gedf2
                0x080007fc                __ltdf2
                0x080007fc                __ledf2
                0x08000804                __nedf2
                0x08000804                __eqdf2
                0x08000804                __cmpdf2
                0x08000880                __aeabi_cdrcmple
                0x08000890                __aeabi_cdcmpeq
                0x08000890                __aeabi_cdcmple
                0x080008a0                __aeabi_dcmpeq
                0x080008b4                __aeabi_dcmplt
                0x080008c8                __aeabi_dcmple
                0x080008dc                __aeabi_dcmpge
                0x080008f0                __aeabi_dcmpgt
 .text          0x08000904       0x50 C:/ST/STM32CubeIDE_1.16.0/STM32CubeIDE/plugins/com.st.stm32cube.ide.mcu.externaltools.gnu-tools-for-stm32.12.3.rel1.win32_1.0.200.202406191623/tools/bin/../lib/gcc/arm-none-eabi/12.3.1/thumb/v7-m/nofp\libgcc.a(_arm_fixdfsi.o)
                0x08000904                __aeabi_d2iz
                0x08000904                __fixdfsi
 *(.text*)
 .text.spi_write
                0x08000954       0x24 ./Core/Src/ILI9225.o
                0x08000954                spi_write
 .text.lcd_write_data
                0x08000978       0x3c ./Core/Src/ILI9225.o
                0x08000978                lcd_write_data
 .text.lcd_write_command
                0x080009b4       0x3c ./Core/Src/ILI9225.o
                0x080009b4                lcd_write_command
 .text.lcd_write_register
                0x080009f0       0x3e ./Core/Src/ILI9225.o
                0x080009f0                lcd_write_register
 .text.swap_char
                0x08000a2e       0x28 ./Core/Src/ILI9225.o
                0x08000a2e                swap_char
 *fill*         0x08000a56        0x2 
 .text.delay_ms
                0x08000a58       0x6c ./Core/Src/ILI9225.o
                0x08000a58                delay_ms
 .text.lcd_init
                0x08000ac4       0x5c ./Core/Src/ILI9225.o
                0x08000ac4                lcd_init
 .text.lcd_init_command_list
                0x08000b20      0x1bc ./Core/Src/ILI9225.o
                0x08000b20                lcd_init_command_list
 .text.draw_pixel
                0x08000cdc       0x5a ./Core/Src/ILI9225.o
                0x08000cdc                draw_pixel
 *fill*         0x08000d36        0x2 
 .text.fill_rectangle
                0x08000d38       0xd4 ./Core/Src/ILI9225.o
                0x08000d38                fill_rectangle
 .text.set_draw_window
                0x08000e0c       0x96 ./Core/Src/ILI9225.o
                0x08000e0c                set_draw_window
 *fill*         0x08000ea2        0x2 
 .text.draw_char
                0x08000ea4      0x118 ./Core/Src/ILI9225.o
                0x08000ea4                draw_char
 .text.draw_string
                0x08000fbc       0x68 ./Core/Src/ILI9225.o
                0x08000fbc                draw_string
 .text.drawCircle
                0x08001024      0x180 ./Core/Src/ILI9225.o
                0x08001024                drawCircle
 .text.drawLine
                0x080011a4       0xba ./Core/Src/ILI9225.o
                0x080011a4                drawLine
 *fill*         0x0800125e        0x2 
 .text.draw_star
                0x08001260      0x168 ./Core/Src/ILI9225.o
                0x08001260                draw_star
 .text.erase_star
                0x080013c8       0x22 ./Core/Src/ILI9225.o
                0x080013c8                erase_star
 .text.blink_star_edges
                0x080013ea       0x52 ./Core/Src/ILI9225.o
                0x080013ea                blink_star_edges
 .text.main     0x0800143c       0x7c ./Core/Src/main.o
                0x0800143c                main
 .text.SystemClock_Config
                0x080014b8       0x8a ./Core/Src/main.o
                0x080014b8                SystemClock_Config
 *fill*         0x08001542        0x2 
 .text.MX_SPI2_Init
                0x08001544       0x70 ./Core/Src/main.o
 .text.MX_GPIO_Init
                0x080015b4       0x94 ./Core/Src/main.o
 .text.Error_Handler
                0x08001648        0xc ./Core/Src/main.o
                0x08001648                Error_Handler
 .text.HAL_MspInit
                0x08001654       0x64 ./Core/Src/stm32f1xx_hal_msp.o
                0x08001654                HAL_MspInit
 .text.HAL_SPI_MspInit
                0x080016b8       0x80 ./Core/Src/stm32f1xx_hal_msp.o
                0x080016b8                HAL_SPI_MspInit
 .text.NMI_Handler
                0x08001738        0x8 ./Core/Src/stm32f1xx_it.o
                0x08001738                NMI_Handler
 .text.HardFault_Handler
                0x08001740        0x8 ./Core/Src/stm32f1xx_it.o
                0x08001740                HardFault_Handler
 .text.MemManage_Handler
                0x08001748        0x8 ./Core/Src/stm32f1xx_it.o
                0x08001748                MemManage_Handler
 .text.BusFault_Handler
                0x08001750        0x8 ./Core/Src/stm32f1xx_it.o
                0x08001750                BusFault_Handler
 .text.UsageFault_Handler
                0x08001758        0x8 ./Core/Src/stm32f1xx_it.o
                0x08001758                UsageFault_Handler
 .text.SVC_Handler
                0x08001760        0xc ./Core/Src/stm32f1xx_it.o
                0x08001760                SVC_Handler
 .text.DebugMon_Handler
                0x0800176c        0xc ./Core/Src/stm32f1xx_it.o
                0x0800176c                DebugMon_Handler
 .text.PendSV_Handler
                0x08001778        0xc ./Core/Src/stm32f1xx_it.o
                0x08001778                PendSV_Handler
 .text.SysTick_Handler
                0x08001784        0xc ./Core/Src/stm32f1xx_it.o
                0x08001784                SysTick_Handler
 .text.SystemInit
                0x08001790        0xc ./Core/Src/system_stm32f1xx.o
                0x08001790                SystemInit
 .text.Reset_Handler
                0x0800179c       0x48 ./Core/Startup/startup_stm32f103rctx.o
                0x0800179c                Reset_Handler
 .text.Default_Handler
                0x080017e4        0x2 ./Core/Startup/startup_stm32f103rctx.o
                0x080017e4                RTC_Alarm_IRQHandler
                0x080017e4                EXTI2_IRQHandler
                0x080017e4                TIM8_TRG_COM_IRQHandler
                0x080017e4                TIM8_CC_IRQHandler
                0x080017e4                TIM1_CC_IRQHandler
                0x080017e4                TIM6_IRQHandler
                0x080017e4                PVD_IRQHandler
                0x080017e4                SDIO_IRQHandler
                0x080017e4                EXTI3_IRQHandler
                0x080017e4                EXTI0_IRQHandler
                0x080017e4                I2C2_EV_IRQHandler
                0x080017e4                ADC1_2_IRQHandler
                0x080017e4                SPI1_IRQHandler
                0x080017e4                TAMPER_IRQHandler
                0x080017e4                TIM8_UP_IRQHandler
                0x080017e4                DMA2_Channel2_IRQHandler
                0x080017e4                DMA1_Channel4_IRQHandler
                0x080017e4                USART3_IRQHandler
                0x080017e4                RTC_IRQHandler
                0x080017e4                DMA1_Channel7_IRQHandler
                0x080017e4                CAN1_RX1_IRQHandler
                0x080017e4                UART5_IRQHandler
                0x080017e4                ADC3_IRQHandler
                0x080017e4                TIM4_IRQHandler
                0x080017e4                DMA2_Channel1_IRQHandler
                0x080017e4                I2C1_EV_IRQHandler
                0x080017e4                DMA1_Channel6_IRQHandler
                0x080017e4                UART4_IRQHandler
                0x080017e4                TIM3_IRQHandler
                0x080017e4                RCC_IRQHandler
                0x080017e4                TIM1_TRG_COM_IRQHandler
                0x080017e4                DMA1_Channel1_IRQHandler
                0x080017e4                Default_Handler
                0x080017e4                EXTI15_10_IRQHandler
                0x080017e4                TIM7_IRQHandler
                0x080017e4                TIM5_IRQHandler
                0x080017e4                EXTI9_5_IRQHandler
                0x080017e4                SPI2_IRQHandler
                0x080017e4                DMA1_Channel5_IRQHandler
                0x080017e4                EXTI4_IRQHandler
                0x080017e4                USB_LP_CAN1_RX0_IRQHandler
                0x080017e4                USB_HP_CAN1_TX_IRQHandler
                0x080017e4                DMA1_Channel3_IRQHandler
                0x080017e4                FSMC_IRQHandler
                0x080017e4                TIM1_UP_IRQHandler
                0x080017e4                WWDG_IRQHandler
                0x080017e4                TIM2_IRQHandler
                0x080017e4                TIM1_BRK_IRQHandler
                0x080017e4                EXTI1_IRQHandler
                0x080017e4                DMA2_Channel4_5_IRQHandler
                0x080017e4                USART2_IRQHandler
                0x080017e4                I2C2_ER_IRQHandler
                0x080017e4                DMA1_Channel2_IRQHandler
                0x080017e4                TIM8_BRK_IRQHandler
                0x080017e4                CAN1_SCE_IRQHandler
                0x080017e4                FLASH_IRQHandler
                0x080017e4                USART1_IRQHandler
                0x080017e4                SPI3_IRQHandler
                0x080017e4                I2C1_ER_IRQHandler
                0x080017e4                USBWakeUp_IRQHandler
                0x080017e4                DMA2_Channel3_IRQHandler
 *fill*         0x080017e6        0x2 
 .text.HAL_Init
                0x080017e8       0x2c ./Drivers/STM32F1xx_HAL_Driver/Src/stm32f1xx_hal.o
                0x080017e8                HAL_Init
 .text.HAL_InitTick
                0x08001814       0x60 ./Drivers/STM32F1xx_HAL_Driver/Src/stm32f1xx_hal.o
                0x08001814                HAL_InitTick
 .text.HAL_IncTick
                0x08001874       0x24 ./Drivers/STM32F1xx_HAL_Driver/Src/stm32f1xx_hal.o
                0x08001874                HAL_IncTick
 .text.HAL_GetTick
                0x08001898       0x14 ./Drivers/STM32F1xx_HAL_Driver/Src/stm32f1xx_hal.o
                0x08001898                HAL_GetTick
 .text.HAL_Delay
                0x080018ac       0x48 ./Drivers/STM32F1xx_HAL_Driver/Src/stm32f1xx_hal.o
                0x080018ac                HAL_Delay
 .text.__NVIC_SetPriorityGrouping
                0x080018f4       0x48 ./Drivers/STM32F1xx_HAL_Driver/Src/stm32f1xx_hal_cortex.o
 .text.__NVIC_GetPriorityGrouping
                0x0800193c       0x1c ./Drivers/STM32F1xx_HAL_Driver/Src/stm32f1xx_hal_cortex.o
 .text.__NVIC_SetPriority
                0x08001958       0x54 ./Drivers/STM32F1xx_HAL_Driver/Src/stm32f1xx_hal_cortex.o
 .text.NVIC_EncodePriority
                0x080019ac       0x64 ./Drivers/STM32F1xx_HAL_Driver/Src/stm32f1xx_hal_cortex.o
 .text.SysTick_Config
                0x08001a10       0x44 ./Drivers/STM32F1xx_HAL_Driver/Src/stm32f1xx_hal_cortex.o
 .text.HAL_NVIC_SetPriorityGrouping
                0x08001a54       0x16 ./Drivers/STM32F1xx_HAL_Driver/Src/stm32f1xx_hal_cortex.o
                0x08001a54                HAL_NVIC_SetPriorityGrouping
 .text.HAL_NVIC_SetPriority
                0x08001a6a       0x38 ./Drivers/STM32F1xx_HAL_Driver/Src/stm32f1xx_hal_cortex.o
                0x08001a6a                HAL_NVIC_SetPriority
 .text.HAL_SYSTICK_Config
                0x08001aa2       0x18 ./Drivers/STM32F1xx_HAL_Driver/Src/stm32f1xx_hal_cortex.o
                0x08001aa2                HAL_SYSTICK_Config
 *fill*         0x08001aba        0x2 
 .text.HAL_GPIO_Init
                0x08001abc      0x328 ./Drivers/STM32F1xx_HAL_Driver/Src/stm32f1xx_hal_gpio.o
                0x08001abc                HAL_GPIO_Init
 .text.HAL_GPIO_WritePin
                0x08001de4       0x30 ./Drivers/STM32F1xx_HAL_Driver/Src/stm32f1xx_hal_gpio.o
                0x08001de4                HAL_GPIO_WritePin
 .text.HAL_RCC_OscConfig
                0x08001e14      0x504 ./Drivers/STM32F1xx_HAL_Driver/Src/stm32f1xx_hal_rcc.o
                0x08001e14                HAL_RCC_OscConfig
 .text.HAL_RCC_ClockConfig
                0x08002318      0x1d4 ./Drivers/STM32F1xx_HAL_Driver/Src/stm32f1xx_hal_rcc.o
                0x08002318                HAL_RCC_ClockConfig
 .text.HAL_RCC_GetSysClockFreq
                0x080024ec       0xa8 ./Drivers/STM32F1xx_HAL_Driver/Src/stm32f1xx_hal_rcc.o
                0x080024ec                HAL_RCC_GetSysClockFreq
 .text.RCC_Delay
                0x08002594       0x3c ./Drivers/STM32F1xx_HAL_Driver/Src/stm32f1xx_hal_rcc.o
 .text.HAL_SPI_Init
                0x080025d0      0x108 ./Drivers/STM32F1xx_HAL_Driver/Src/stm32f1xx_hal_spi.o
                0x080025d0                HAL_SPI_Init
 .text.HAL_SPI_Transmit
                0x080026d8      0x288 ./Drivers/STM32F1xx_HAL_Driver/Src/stm32f1xx_hal_spi.o
                0x080026d8                HAL_SPI_Transmit
 .text.SPI_WaitFlagStateUntilTimeout
                0x08002960      0x110 ./Drivers/STM32F1xx_HAL_Driver/Src/stm32f1xx_hal_spi.o
 .text.SPI_EndRxTxTransaction
                0x08002a70       0x62 ./Drivers/STM32F1xx_HAL_Driver/Src/stm32f1xx_hal_spi.o
 .text.memset   0x08002ad2       0x10 C:/ST/STM32CubeIDE_1.16.0/STM32CubeIDE/plugins/com.st.stm32cube.ide.mcu.externaltools.gnu-tools-for-stm32.12.3.rel1.win32_1.0.200.202406191623/tools/bin/../lib/gcc/arm-none-eabi/12.3.1/../../../../arm-none-eabi/lib/thumb/v7-m/nofp\libc_nano.a(libc_a-memset.o)
                0x08002ad2                memset
 *fill*         0x08002ae2        0x2 
 .text.__libc_init_array
                0x08002ae4       0x48 C:/ST/STM32CubeIDE_1.16.0/STM32CubeIDE/plugins/com.st.stm32cube.ide.mcu.externaltools.gnu-tools-for-stm32.12.3.rel1.win32_1.0.200.202406191623/tools/bin/../lib/gcc/arm-none-eabi/12.3.1/../../../../arm-none-eabi/lib/thumb/v7-m/nofp\libc_nano.a(libc_a-init.o)
                0x08002ae4                __libc_init_array
 .text.cos      0x08002b2c       0x8c C:/ST/STM32CubeIDE_1.16.0/STM32CubeIDE/plugins/com.st.stm32cube.ide.mcu.externaltools.gnu-tools-for-stm32.12.3.rel1.win32_1.0.200.202406191623/tools/bin/../lib/gcc/arm-none-eabi/12.3.1/../../../../arm-none-eabi/lib/thumb/v7-m/nofp\libm.a(libm_a-s_cos.o)
                0x08002b2c                cos
 .text.sin      0x08002bb8       0x8c C:/ST/STM32CubeIDE_1.16.0/STM32CubeIDE/plugins/com.st.stm32cube.ide.mcu.externaltools.gnu-tools-for-stm32.12.3.rel1.win32_1.0.200.202406191623/tools/bin/../lib/gcc/arm-none-eabi/12.3.1/../../../../arm-none-eabi/lib/thumb/v7-m/nofp\libm.a(libm_a-s_sin.o)
                0x08002bb8                sin
 *fill*         0x08002c44        0x4 
 .text.__kernel_cos
                0x08002c48      0x17c C:/ST/STM32CubeIDE_1.16.0/STM32CubeIDE/plugins/com.st.stm32cube.ide.mcu.externaltools.gnu-tools-for-stm32.12.3.rel1.win32_1.0.200.202406191623/tools/bin/../lib/gcc/arm-none-eabi/12.3.1/../../../../arm-none-eabi/lib/thumb/v7-m/nofp\libm.a(libm_a-k_cos.o)
                0x08002c48                __kernel_cos
 *fill*         0x08002dc4        0x4 
 .text.__kernel_sin
                0x08002dc8      0x16c C:/ST/STM32CubeIDE_1.16.0/STM32CubeIDE/plugins/com.st.stm32cube.ide.mcu.externaltools.gnu-tools-for-stm32.12.3.rel1.win32_1.0.200.202406191623/tools/bin/../lib/gcc/arm-none-eabi/12.3.1/../../../../arm-none-eabi/lib/thumb/v7-m/nofp\libm.a(libm_a-k_sin.o)
                0x08002dc8                __kernel_sin
 *fill*         0x08002f34        0x4 
 .text.__ieee754_rem_pio2
                0x08002f38      0x3ec C:/ST/STM32CubeIDE_1.16.0/STM32CubeIDE/plugins/com.st.stm32cube.ide.mcu.externaltools.gnu-tools-for-stm32.12.3.rel1.win32_1.0.200.202406191623/tools/bin/../lib/gcc/arm-none-eabi/12.3.1/../../../../arm-none-eabi/lib/thumb/v7-m/nofp\libm.a(libm_a-e_rem_pio2.o)
                0x08002f38                __ieee754_rem_pio2
 .text.fabs     0x08003324        0x8 C:/ST/STM32CubeIDE_1.16.0/STM32CubeIDE/plugins/com.st.stm32cube.ide.mcu.externaltools.gnu-tools-for-stm32.12.3.rel1.win32_1.0.200.202406191623/tools/bin/../lib/gcc/arm-none-eabi/12.3.1/../../../../arm-none-eabi/lib/thumb/v7-m/nofp\libm.a(libm_a-s_fabs.o)
                0x08003324                fabs
 .text.__kernel_rem_pio2
                0x0800332c      0x648 C:/ST/STM32CubeIDE_1.16.0/STM32CubeIDE/plugins/com.st.stm32cube.ide.mcu.externaltools.gnu-tools-for-stm32.12.3.rel1.win32_1.0.200.202406191623/tools/bin/../lib/gcc/arm-none-eabi/12.3.1/../../../../arm-none-eabi/lib/thumb/v7-m/nofp\libm.a(libm_a-k_rem_pio2.o)
                0x0800332c                __kernel_rem_pio2
 *fill*         0x08003974        0x4 
 .text.scalbn   0x08003978       0xec C:/ST/STM32CubeIDE_1.16.0/STM32CubeIDE/plugins/com.st.stm32cube.ide.mcu.externaltools.gnu-tools-for-stm32.12.3.rel1.win32_1.0.200.202406191623/tools/bin/../lib/gcc/arm-none-eabi/12.3.1/../../../../arm-none-eabi/lib/thumb/v7-m/nofp\libm.a(libm_a-s_scalbn.o)
                0x08003978                scalbn
 *fill*         0x08003a64        0x4 
 .text.floor    0x08003a68      0x100 C:/ST/STM32CubeIDE_1.16.0/STM32CubeIDE/plugins/com.st.stm32cube.ide.mcu.externaltools.gnu-tools-for-stm32.12.3.rel1.win32_1.0.200.202406191623/tools/bin/../lib/gcc/arm-none-eabi/12.3.1/../../../../arm-none-eabi/lib/thumb/v7-m/nofp\libm.a(libm_a-s_floor.o)
                0x08003a68                floor
 *(.glue_7)
 .glue_7        0x08003b68        0x0 linker stubs
 *(.glue_7t)
 .glue_7t       0x08003b68        0x0 linker stubs
 *(.eh_frame)
 .eh_frame      0x08003b68        0x0 C:/ST/STM32CubeIDE_1.16.0/STM32CubeIDE/plugins/com.st.stm32cube.ide.mcu.externaltools.gnu-tools-for-stm32.12.3.rel1.win32_1.0.200.202406191623/tools/bin/../lib/gcc/arm-none-eabi/12.3.1/thumb/v7-m/nofp/crtbegin.o
 *(.init)
 .init          0x08003b68        0x4 C:/ST/STM32CubeIDE_1.16.0/STM32CubeIDE/plugins/com.st.stm32cube.ide.mcu.externaltools.gnu-tools-for-stm32.12.3.rel1.win32_1.0.200.202406191623/tools/bin/../lib/gcc/arm-none-eabi/12.3.1/thumb/v7-m/nofp/crti.o
                0x08003b68                _init
 .init          0x08003b6c        0x8 C:/ST/STM32CubeIDE_1.16.0/STM32CubeIDE/plugins/com.st.stm32cube.ide.mcu.externaltools.gnu-tools-for-stm32.12.3.rel1.win32_1.0.200.202406191623/tools/bin/../lib/gcc/arm-none-eabi/12.3.1/thumb/v7-m/nofp/crtn.o
 *(.fini)
 .fini          0x08003b74        0x4 C:/ST/STM32CubeIDE_1.16.0/STM32CubeIDE/plugins/com.st.stm32cube.ide.mcu.externaltools.gnu-tools-for-stm32.12.3.rel1.win32_1.0.200.202406191623/tools/bin/../lib/gcc/arm-none-eabi/12.3.1/thumb/v7-m/nofp/crti.o
                0x08003b74                _fini
 .fini          0x08003b78        0x8 C:/ST/STM32CubeIDE_1.16.0/STM32CubeIDE/plugins/com.st.stm32cube.ide.mcu.externaltools.gnu-tools-for-stm32.12.3.rel1.win32_1.0.200.202406191623/tools/bin/../lib/gcc/arm-none-eabi/12.3.1/thumb/v7-m/nofp/crtn.o
                0x08003b80                        . = ALIGN (0x4)
                0x08003b80                        _etext = .

.vfp11_veneer   0x08003b80        0x0
 .vfp11_veneer  0x08003b80        0x0 linker stubs

.v4_bx          0x08003b80        0x0
 .v4_bx         0x08003b80        0x0 linker stubs

.iplt           0x08003b80        0x0
 .iplt          0x08003b80        0x0 C:/ST/STM32CubeIDE_1.16.0/STM32CubeIDE/plugins/com.st.stm32cube.ide.mcu.externaltools.gnu-tools-for-stm32.12.3.rel1.win32_1.0.200.202406191623/tools/bin/../lib/gcc/arm-none-eabi/12.3.1/thumb/v7-m/nofp/crtbegin.o

.rodata         0x08003b80      0x6d0
                0x08003b80                        . = ALIGN (0x4)
 *(.rodata)
 *(.rodata*)
 .rodata.FontLarge
                0x08003b80      0x4d3 ./Core/Src/ILI9225.o
                0x08003b80                FontLarge
 *fill*         0x08004053        0x1 
 .rodata.AHBPrescTable
                0x08004054       0x10 ./Core/Src/system_stm32f1xx.o
                0x08004054                AHBPrescTable
 .rodata.aPLLMULFactorTable.1
                0x08004064       0x10 ./Drivers/STM32F1xx_HAL_Driver/Src/stm32f1xx_hal_rcc.o
 .rodata.aPredivFactorTable.0
                0x08004074        0x2 ./Drivers/STM32F1xx_HAL_Driver/Src/stm32f1xx_hal_rcc.o
 *fill*         0x08004076        0x2 
 .rodata.npio2_hw
                0x08004078       0x80 C:/ST/STM32CubeIDE_1.16.0/STM32CubeIDE/plugins/com.st.stm32cube.ide.mcu.externaltools.gnu-tools-for-stm32.12.3.rel1.win32_1.0.200.202406191623/tools/bin/../lib/gcc/arm-none-eabi/12.3.1/../../../../arm-none-eabi/lib/thumb/v7-m/nofp\libm.a(libm_a-e_rem_pio2.o)
 .rodata.two_over_pi
                0x080040f8      0x108 C:/ST/STM32CubeIDE_1.16.0/STM32CubeIDE/plugins/com.st.stm32cube.ide.mcu.externaltools.gnu-tools-for-stm32.12.3.rel1.win32_1.0.200.202406191623/tools/bin/../lib/gcc/arm-none-eabi/12.3.1/../../../../arm-none-eabi/lib/thumb/v7-m/nofp\libm.a(libm_a-e_rem_pio2.o)
 .rodata.PIo2   0x08004200       0x40 C:/ST/STM32CubeIDE_1.16.0/STM32CubeIDE/plugins/com.st.stm32cube.ide.mcu.externaltools.gnu-tools-for-stm32.12.3.rel1.win32_1.0.200.202406191623/tools/bin/../lib/gcc/arm-none-eabi/12.3.1/../../../../arm-none-eabi/lib/thumb/v7-m/nofp\libm.a(libm_a-k_rem_pio2.o)
 .rodata.init_jk
                0x08004240       0x10 C:/ST/STM32CubeIDE_1.16.0/STM32CubeIDE/plugins/com.st.stm32cube.ide.mcu.externaltools.gnu-tools-for-stm32.12.3.rel1.win32_1.0.200.202406191623/tools/bin/../lib/gcc/arm-none-eabi/12.3.1/../../../../arm-none-eabi/lib/thumb/v7-m/nofp\libm.a(libm_a-k_rem_pio2.o)
                0x08004250                        . = ALIGN (0x4)

.ARM.extab      0x08004250        0x0
                0x08004250                        . = ALIGN (0x4)
 *(.ARM.extab* .gnu.linkonce.armextab.*)
                0x08004250                        . = ALIGN (0x4)

.ARM            0x08004250        0x0
                0x08004250                        . = ALIGN (0x4)
                0x08004250                        __exidx_start = .
 *(.ARM.exidx*)
                0x08004250                        __exidx_end = .
                0x08004250                        . = ALIGN (0x4)

.preinit_array  0x08004250        0x0
                0x08004250                        . = ALIGN (0x4)
                0x08004250                        PROVIDE (__preinit_array_start = .)
 *(.preinit_array*)
                0x08004250                        PROVIDE (__preinit_array_end = .)
                0x08004250                        . = ALIGN (0x4)

.init_array     0x08004250        0x4
                0x08004250                        . = ALIGN (0x4)
                0x08004250                        PROVIDE (__init_array_start = .)
 *(SORT_BY_NAME(.init_array.*))
 *(.init_array*)
 .init_array    0x08004250        0x4 C:/ST/STM32CubeIDE_1.16.0/STM32CubeIDE/plugins/com.st.stm32cube.ide.mcu.externaltools.gnu-tools-for-stm32.12.3.rel1.win32_1.0.200.202406191623/tools/bin/../lib/gcc/arm-none-eabi/12.3.1/thumb/v7-m/nofp/crtbegin.o
                0x08004254                        PROVIDE (__init_array_end = .)
                0x08004254                        . = ALIGN (0x4)

.fini_array     0x08004254        0x4
                0x08004254                        . = ALIGN (0x4)
                [!provide]                        PROVIDE (__fini_array_start = .)
 *(SORT_BY_NAME(.fini_array.*))
 *(.fini_array*)
 .fini_array    0x08004254        0x4 C:/ST/STM32CubeIDE_1.16.0/STM32CubeIDE/plugins/com.st.stm32cube.ide.mcu.externaltools.gnu-tools-for-stm32.12.3.rel1.win32_1.0.200.202406191623/tools/bin/../lib/gcc/arm-none-eabi/12.3.1/thumb/v7-m/nofp/crtbegin.o
                [!provide]                        PROVIDE (__fini_array_end = .)
                0x08004258                        . = ALIGN (0x4)
                0x08004258                        _sidata = LOADADDR (.data)

.rel.dyn        0x08004258        0x0
 .rel.iplt      0x08004258        0x0 C:/ST/STM32CubeIDE_1.16.0/STM32CubeIDE/plugins/com.st.stm32cube.ide.mcu.externaltools.gnu-tools-for-stm32.12.3.rel1.win32_1.0.200.202406191623/tools/bin/../lib/gcc/arm-none-eabi/12.3.1/thumb/v7-m/nofp/crtbegin.o

.data           0x20000000       0x1c load address 0x08004258
                0x20000000                        . = ALIGN (0x4)
                0x20000000                        _sdata = .
 *(.data)
 *(.data*)
 .data.Arr      0x20000000        0xd ./Core/Src/main.o
                0x20000000                Arr
 *fill*         0x2000000d        0x3 
 .data.SystemCoreClock
                0x20000010        0x4 ./Core/Src/system_stm32f1xx.o
                0x20000010                SystemCoreClock
 .data.uwTickPrio
                0x20000014        0x4 ./Drivers/STM32F1xx_HAL_Driver/Src/stm32f1xx_hal.o
                0x20000014                uwTickPrio
 .data.uwTickFreq
                0x20000018        0x1 ./Drivers/STM32F1xx_HAL_Driver/Src/stm32f1xx_hal.o
                0x20000018                uwTickFreq
 *(.RamFunc)
 *(.RamFunc*)
                0x2000001c                        . = ALIGN (0x4)
 *fill*         0x20000019        0x3 
                0x2000001c                        _edata = .

.igot.plt       0x2000001c        0x0 load address 0x08004274
 .igot.plt      0x2000001c        0x0 C:/ST/STM32CubeIDE_1.16.0/STM32CubeIDE/plugins/com.st.stm32cube.ide.mcu.externaltools.gnu-tools-for-stm32.12.3.rel1.win32_1.0.200.202406191623/tools/bin/../lib/gcc/arm-none-eabi/12.3.1/thumb/v7-m/nofp/crtbegin.o
                0x2000001c                        . = ALIGN (0x4)

.bss            0x2000001c       0x78 load address 0x08004274
                0x2000001c                        _sbss = .
                0x2000001c                        __bss_start__ = _sbss
 *(.bss)
 .bss           0x2000001c       0x1c C:/ST/STM32CubeIDE_1.16.0/STM32CubeIDE/plugins/com.st.stm32cube.ide.mcu.externaltools.gnu-tools-for-stm32.12.3.rel1.win32_1.0.200.202406191623/tools/bin/../lib/gcc/arm-none-eabi/12.3.1/thumb/v7-m/nofp/crtbegin.o
 *(.bss*)
 .bss.hspi2     0x20000038       0x58 ./Core/Src/main.o
                0x20000038                hspi2
 .bss.uwTick    0x20000090        0x4 ./Drivers/STM32F1xx_HAL_Driver/Src/stm32f1xx_hal.o
                0x20000090                uwTick
 *(COMMON)
                0x20000094                        . = ALIGN (0x4)
                0x20000094                        _ebss = .
                0x20000094                        __bss_end__ = _ebss

._user_heap_stack
                0x20000094      0x604 load address 0x08004274
                0x20000098                        . = ALIGN (0x8)
 *fill*         0x20000094        0x4 
                [!provide]                        PROVIDE (end = .)
                0x20000098                        PROVIDE (_end = .)
                0x20000298                        . = (. + _Min_Heap_Size)
 *fill*         0x20000098      0x200 
                0x20000698                        . = (. + _Min_Stack_Size)
 *fill*         0x20000298      0x400 
                0x20000698                        . = ALIGN (0x8)

/DISCARD/
 libc.a(*)
 libm.a(*)
 libgcc.a(*)

.ARM.attributes
                0x00000000       0x29
 *(.ARM.attributes)
 .ARM.attributes
                0x00000000       0x1d C:/ST/STM32CubeIDE_1.16.0/STM32CubeIDE/plugins/com.st.stm32cube.ide.mcu.externaltools.gnu-tools-for-stm32.12.3.rel1.win32_1.0.200.202406191623/tools/bin/../lib/gcc/arm-none-eabi/12.3.1/thumb/v7-m/nofp/crti.o
 .ARM.attributes
                0x0000001d       0x2d C:/ST/STM32CubeIDE_1.16.0/STM32CubeIDE/plugins/com.st.stm32cube.ide.mcu.externaltools.gnu-tools-for-stm32.12.3.rel1.win32_1.0.200.202406191623/tools/bin/../lib/gcc/arm-none-eabi/12.3.1/thumb/v7-m/nofp/crtbegin.o
 .ARM.attributes
                0x0000004a       0x2d ./Core/Src/ILI9225.o
 .ARM.attributes
                0x00000077       0x2d ./Core/Src/main.o
 .ARM.attributes
                0x000000a4       0x2d ./Core/Src/stm32f1xx_hal_msp.o
 .ARM.attributes
                0x000000d1       0x2d ./Core/Src/stm32f1xx_it.o
 .ARM.attributes
                0x000000fe       0x2d ./Core/Src/system_stm32f1xx.o
 .ARM.attributes
                0x0000012b       0x21 ./Core/Startup/startup_stm32f103rctx.o
 .ARM.attributes
                0x0000014c       0x2d ./Drivers/STM32F1xx_HAL_Driver/Src/stm32f1xx_hal.o
 .ARM.attributes
                0x00000179       0x2d ./Drivers/STM32F1xx_HAL_Driver/Src/stm32f1xx_hal_cortex.o
 .ARM.attributes
                0x000001a6       0x2d ./Drivers/STM32F1xx_HAL_Driver/Src/stm32f1xx_hal_gpio.o
 .ARM.attributes
                0x000001d3       0x2d ./Drivers/STM32F1xx_HAL_Driver/Src/stm32f1xx_hal_rcc.o
 .ARM.attributes
                0x00000200       0x2d ./Drivers/STM32F1xx_HAL_Driver/Src/stm32f1xx_hal_spi.o
 .ARM.attributes
                0x0000022d       0x2d C:/ST/STM32CubeIDE_1.16.0/STM32CubeIDE/plugins/com.st.stm32cube.ide.mcu.externaltools.gnu-tools-for-stm32.12.3.rel1.win32_1.0.200.202406191623/tools/bin/../lib/gcc/arm-none-eabi/12.3.1/../../../../arm-none-eabi/lib/thumb/v7-m/nofp\libc_nano.a(libc_a-memset.o)
 .ARM.attributes
                0x0000025a       0x2d C:/ST/STM32CubeIDE_1.16.0/STM32CubeIDE/plugins/com.st.stm32cube.ide.mcu.externaltools.gnu-tools-for-stm32.12.3.rel1.win32_1.0.200.202406191623/tools/bin/../lib/gcc/arm-none-eabi/12.3.1/../../../../arm-none-eabi/lib/thumb/v7-m/nofp\libc_nano.a(libc_a-init.o)
 .ARM.attributes
                0x00000287       0x2d C:/ST/STM32CubeIDE_1.16.0/STM32CubeIDE/plugins/com.st.stm32cube.ide.mcu.externaltools.gnu-tools-for-stm32.12.3.rel1.win32_1.0.200.202406191623/tools/bin/../lib/gcc/arm-none-eabi/12.3.1/../../../../arm-none-eabi/lib/thumb/v7-m/nofp\libm.a(libm_a-s_cos.o)
 .ARM.attributes
                0x000002b4       0x2d C:/ST/STM32CubeIDE_1.16.0/STM32CubeIDE/plugins/com.st.stm32cube.ide.mcu.externaltools.gnu-tools-for-stm32.12.3.rel1.win32_1.0.200.202406191623/tools/bin/../lib/gcc/arm-none-eabi/12.3.1/../../../../arm-none-eabi/lib/thumb/v7-m/nofp\libm.a(libm_a-s_sin.o)
 .ARM.attributes
                0x000002e1       0x2d C:/ST/STM32CubeIDE_1.16.0/STM32CubeIDE/plugins/com.st.stm32cube.ide.mcu.externaltools.gnu-tools-for-stm32.12.3.rel1.win32_1.0.200.202406191623/tools/bin/../lib/gcc/arm-none-eabi/12.3.1/../../../../arm-none-eabi/lib/thumb/v7-m/nofp\libm.a(libm_a-k_cos.o)
 .ARM.attributes
                0x0000030e       0x2d C:/ST/STM32CubeIDE_1.16.0/STM32CubeIDE/plugins/com.st.stm32cube.ide.mcu.externaltools.gnu-tools-for-stm32.12.3.rel1.win32_1.0.200.202406191623/tools/bin/../lib/gcc/arm-none-eabi/12.3.1/../../../../arm-none-eabi/lib/thumb/v7-m/nofp\libm.a(libm_a-k_sin.o)
 .ARM.attributes
                0x0000033b       0x2d C:/ST/STM32CubeIDE_1.16.0/STM32CubeIDE/plugins/com.st.stm32cube.ide.mcu.externaltools.gnu-tools-for-stm32.12.3.rel1.win32_1.0.200.202406191623/tools/bin/../lib/gcc/arm-none-eabi/12.3.1/../../../../arm-none-eabi/lib/thumb/v7-m/nofp\libm.a(libm_a-e_rem_pio2.o)
 .ARM.attributes
                0x00000368       0x2d C:/ST/STM32CubeIDE_1.16.0/STM32CubeIDE/plugins/com.st.stm32cube.ide.mcu.externaltools.gnu-tools-for-stm32.12.3.rel1.win32_1.0.200.202406191623/tools/bin/../lib/gcc/arm-none-eabi/12.3.1/../../../../arm-none-eabi/lib/thumb/v7-m/nofp\libm.a(libm_a-s_fabs.o)
 .ARM.attributes
                0x00000395       0x2d C:/ST/STM32CubeIDE_1.16.0/STM32CubeIDE/plugins/com.st.stm32cube.ide.mcu.externaltools.gnu-tools-for-stm32.12.3.rel1.win32_1.0.200.202406191623/tools/bin/../lib/gcc/arm-none-eabi/12.3.1/../../../../arm-none-eabi/lib/thumb/v7-m/nofp\libm.a(libm_a-k_rem_pio2.o)
 .ARM.attributes
                0x000003c2       0x2d C:/ST/STM32CubeIDE_1.16.0/STM32CubeIDE/plugins/com.st.stm32cube.ide.mcu.externaltools.gnu-tools-for-stm32.12.3.rel1.win32_1.0.200.202406191623/tools/bin/../lib/gcc/arm-none-eabi/12.3.1/../../../../arm-none-eabi/lib/thumb/v7-m/nofp\libm.a(libm_a-s_scalbn.o)
 .ARM.attributes
                0x000003ef       0x2d C:/ST/STM32CubeIDE_1.16.0/STM32CubeIDE/plugins/com.st.stm32cube.ide.mcu.externaltools.gnu-tools-for-stm32.12.3.rel1.win32_1.0.200.202406191623/tools/bin/../lib/gcc/arm-none-eabi/12.3.1/../../../../arm-none-eabi/lib/thumb/v7-m/nofp\libm.a(libm_a-s_floor.o)
 .ARM.attributes
                0x0000041c       0x1d C:/ST/STM32CubeIDE_1.16.0/STM32CubeIDE/plugins/com.st.stm32cube.ide.mcu.externaltools.gnu-tools-for-stm32.12.3.rel1.win32_1.0.200.202406191623/tools/bin/../lib/gcc/arm-none-eabi/12.3.1/thumb/v7-m/nofp\libgcc.a(_arm_muldf3.o)
 .ARM.attributes
                0x00000439       0x1d C:/ST/STM32CubeIDE_1.16.0/STM32CubeIDE/plugins/com.st.stm32cube.ide.mcu.externaltools.gnu-tools-for-stm32.12.3.rel1.win32_1.0.200.202406191623/tools/bin/../lib/gcc/arm-none-eabi/12.3.1/thumb/v7-m/nofp\libgcc.a(_arm_addsubdf3.o)
 .ARM.attributes
                0x00000456       0x1d C:/ST/STM32CubeIDE_1.16.0/STM32CubeIDE/plugins/com.st.stm32cube.ide.mcu.externaltools.gnu-tools-for-stm32.12.3.rel1.win32_1.0.200.202406191623/tools/bin/../lib/gcc/arm-none-eabi/12.3.1/thumb/v7-m/nofp\libgcc.a(_arm_cmpdf2.o)
 .ARM.attributes
                0x00000473       0x1d C:/ST/STM32CubeIDE_1.16.0/STM32CubeIDE/plugins/com.st.stm32cube.ide.mcu.externaltools.gnu-tools-for-stm32.12.3.rel1.win32_1.0.200.202406191623/tools/bin/../lib/gcc/arm-none-eabi/12.3.1/thumb/v7-m/nofp\libgcc.a(_arm_fixdfsi.o)
 .ARM.attributes
                0x00000490       0x1d C:/ST/STM32CubeIDE_1.16.0/STM32CubeIDE/plugins/com.st.stm32cube.ide.mcu.externaltools.gnu-tools-for-stm32.12.3.rel1.win32_1.0.200.202406191623/tools/bin/../lib/gcc/arm-none-eabi/12.3.1/thumb/v7-m/nofp/crtn.o
OUTPUT(TFT_ili9225.elf elf32-littlearm)
LOAD linker stubs
LOAD C:/ST/STM32CubeIDE_1.16.0/STM32CubeIDE/plugins/com.st.stm32cube.ide.mcu.externaltools.gnu-tools-for-stm32.12.3.rel1.win32_1.0.200.202406191623/tools/bin/../lib/gcc/arm-none-eabi/12.3.1/../../../../arm-none-eabi/lib/thumb/v7-m/nofp\libc.a
LOAD C:/ST/STM32CubeIDE_1.16.0/STM32CubeIDE/plugins/com.st.stm32cube.ide.mcu.externaltools.gnu-tools-for-stm32.12.3.rel1.win32_1.0.200.202406191623/tools/bin/../lib/gcc/arm-none-eabi/12.3.1/../../../../arm-none-eabi/lib/thumb/v7-m/nofp\libm.a
LOAD C:/ST/STM32CubeIDE_1.16.0/STM32CubeIDE/plugins/com.st.stm32cube.ide.mcu.externaltools.gnu-tools-for-stm32.12.3.rel1.win32_1.0.200.202406191623/tools/bin/../lib/gcc/arm-none-eabi/12.3.1/thumb/v7-m/nofp\libgcc.a

.debug_info     0x00000000     0x5c66
 .debug_info    0x00000000     0x11e5 ./Core/Src/ILI9225.o
 .debug_info    0x000011e5      0xae0 ./Core/Src/main.o
 .debug_info    0x00001cc5      0x82c ./Core/Src/stm32f1xx_hal_msp.o
 .debug_info    0x000024f1      0x113 ./Core/Src/stm32f1xx_it.o
 .debug_info    0x00002604      0x222 ./Core/Src/system_stm32f1xx.o
 .debug_info    0x00002826       0x30 ./Core/Startup/startup_stm32f103rctx.o
 .debug_info    0x00002856      0x76a ./Drivers/STM32F1xx_HAL_Driver/Src/stm32f1xx_hal.o
 .debug_info    0x00002fc0      0xaed ./Drivers/STM32F1xx_HAL_Driver/Src/stm32f1xx_hal_cortex.o
 .debug_info    0x00003aad      0x5ab ./Drivers/STM32F1xx_HAL_Driver/Src/stm32f1xx_hal_gpio.o
 .debug_info    0x00004058      0x7d5 ./Drivers/STM32F1xx_HAL_Driver/Src/stm32f1xx_hal_rcc.o
 .debug_info    0x0000482d     0x1439 ./Drivers/STM32F1xx_HAL_Driver/Src/stm32f1xx_hal_spi.o

.debug_abbrev   0x00000000     0x14e2
 .debug_abbrev  0x00000000      0x2db ./Core/Src/ILI9225.o
 .debug_abbrev  0x000002db      0x295 ./Core/Src/main.o
 .debug_abbrev  0x00000570      0x1ac ./Core/Src/stm32f1xx_hal_msp.o
 .debug_abbrev  0x0000071c       0x73 ./Core/Src/stm32f1xx_it.o
 .debug_abbrev  0x0000078f      0x13f ./Core/Src/system_stm32f1xx.o
 .debug_abbrev  0x000008ce       0x24 ./Core/Startup/startup_stm32f103rctx.o
 .debug_abbrev  0x000008f2      0x201 ./Drivers/STM32F1xx_HAL_Driver/Src/stm32f1xx_hal.o
 .debug_abbrev  0x00000af3      0x2f8 ./Drivers/STM32F1xx_HAL_Driver/Src/stm32f1xx_hal_cortex.o
 .debug_abbrev  0x00000deb      0x1ca ./Drivers/STM32F1xx_HAL_Driver/Src/stm32f1xx_hal_gpio.o
 .debug_abbrev  0x00000fb5      0x2b3 ./Drivers/STM32F1xx_HAL_Driver/Src/stm32f1xx_hal_rcc.o
 .debug_abbrev  0x00001268      0x27a ./Drivers/STM32F1xx_HAL_Driver/Src/stm32f1xx_hal_spi.o

.debug_aranges  0x00000000      0x6a0
 .debug_aranges
                0x00000000       0xe8 ./Core/Src/ILI9225.o
 .debug_aranges
                0x000000e8       0x40 ./Core/Src/main.o
 .debug_aranges
                0x00000128       0x30 ./Core/Src/stm32f1xx_hal_msp.o
 .debug_aranges
                0x00000158       0x60 ./Core/Src/stm32f1xx_it.o
 .debug_aranges
                0x000001b8       0x28 ./Core/Src/system_stm32f1xx.o
 .debug_aranges
                0x000001e0       0x28 ./Core/Startup/startup_stm32f103rctx.o
 .debug_aranges
                0x00000208       0xe0 ./Drivers/STM32F1xx_HAL_Driver/Src/stm32f1xx_hal.o
 .debug_aranges
                0x000002e8      0x100 ./Drivers/STM32F1xx_HAL_Driver/Src/stm32f1xx_hal_cortex.o
 .debug_aranges
                0x000003e8       0x58 ./Drivers/STM32F1xx_HAL_Driver/Src/stm32f1xx_hal_gpio.o
 .debug_aranges
                0x00000440       0x90 ./Drivers/STM32F1xx_HAL_Driver/Src/stm32f1xx_hal_rcc.o
 .debug_aranges
                0x000004d0      0x1d0 ./Drivers/STM32F1xx_HAL_Driver/Src/stm32f1xx_hal_spi.o

.debug_rnglists
                0x00000000      0x4ed
 .debug_rnglists
                0x00000000       0xb3 ./Core/Src/ILI9225.o
 .debug_rnglists
                0x000000b3       0x2d ./Core/Src/main.o
 .debug_rnglists
                0x000000e0       0x20 ./Core/Src/stm32f1xx_hal_msp.o
 .debug_rnglists
                0x00000100       0x43 ./Core/Src/stm32f1xx_it.o
 .debug_rnglists
                0x00000143       0x1a ./Core/Src/system_stm32f1xx.o
 .debug_rnglists
                0x0000015d       0x19 ./Core/Startup/startup_stm32f103rctx.o
 .debug_rnglists
                0x00000176       0xa3 ./Drivers/STM32F1xx_HAL_Driver/Src/stm32f1xx_hal.o
 .debug_rnglists
                0x00000219       0xbb ./Drivers/STM32F1xx_HAL_Driver/Src/stm32f1xx_hal_cortex.o
 .debug_rnglists
                0x000002d4       0x3f ./Drivers/STM32F1xx_HAL_Driver/Src/stm32f1xx_hal_gpio.o
 .debug_rnglists
                0x00000313       0x6c ./Drivers/STM32F1xx_HAL_Driver/Src/stm32f1xx_hal_rcc.o
 .debug_rnglists
                0x0000037f      0x16e ./Drivers/STM32F1xx_HAL_Driver/Src/stm32f1xx_hal_spi.o

.debug_macro    0x00000000    0x18de2
 .debug_macro   0x00000000      0x291 ./Core/Src/ILI9225.o
 .debug_macro   0x00000291      0xaa8 ./Core/Src/ILI9225.o
 .debug_macro   0x00000d39      0x215 ./Core/Src/ILI9225.o
 .debug_macro   0x00000f4e       0x2e ./Core/Src/ILI9225.o
 .debug_macro   0x00000f7c       0x22 ./Core/Src/ILI9225.o
 .debug_macro   0x00000f9e       0x22 ./Core/Src/ILI9225.o
 .debug_macro   0x00000fc0       0x8e ./Core/Src/ILI9225.o
 .debug_macro   0x0000104e       0x51 ./Core/Src/ILI9225.o
 .debug_macro   0x0000109f      0x103 ./Core/Src/ILI9225.o
 .debug_macro   0x000011a2       0x6a ./Core/Src/ILI9225.o
 .debug_macro   0x0000120c      0x1df ./Core/Src/ILI9225.o
 .debug_macro   0x000013eb       0x1c ./Core/Src/ILI9225.o
 .debug_macro   0x00001407       0x22 ./Core/Src/ILI9225.o
 .debug_macro   0x00001429       0xbd ./Core/Src/ILI9225.o
 .debug_macro   0x000014e6      0xd23 ./Core/Src/ILI9225.o
 .debug_macro   0x00002209     0xfd8c ./Core/Src/ILI9225.o
 .debug_macro   0x00011f95       0x6d ./Core/Src/ILI9225.o
 .debug_macro   0x00012002     0x34a2 ./Core/Src/ILI9225.o
 .debug_macro   0x000154a4      0x189 ./Core/Src/ILI9225.o
 .debug_macro   0x0001562d       0x5c ./Core/Src/ILI9225.o
 .debug_macro   0x00015689      0x5bc ./Core/Src/ILI9225.o
 .debug_macro   0x00015c45      0x4d5 ./Core/Src/ILI9225.o
 .debug_macro   0x0001611a      0x1cb ./Core/Src/ILI9225.o
 .debug_macro   0x000162e5      0x114 ./Core/Src/ILI9225.o
 .debug_macro   0x000163f9      0x1ea ./Core/Src/ILI9225.o
 .debug_macro   0x000165e3       0x27 ./Core/Src/ILI9225.o
 .debug_macro   0x0001660a      0x144 ./Core/Src/ILI9225.o
 .debug_macro   0x0001674e      0x1bc ./Core/Src/ILI9225.o
 .debug_macro   0x0001690a       0x30 ./Core/Src/ILI9225.o
 .debug_macro   0x0001693a       0x3c ./Core/Src/ILI9225.o
 .debug_macro   0x00016976       0x57 ./Core/Src/ILI9225.o
 .debug_macro   0x000169cd       0x87 ./Core/Src/ILI9225.o
 .debug_macro   0x00016a54      0x24f ./Core/Src/ILI9225.o
 .debug_macro   0x00016ca3      0x140 ./Core/Src/ILI9225.o
 .debug_macro   0x00016de3      0x217 ./Core/Src/ILI9225.o
 .debug_macro   0x00016ffa       0xb5 ./Core/Src/ILI9225.o
 .debug_macro   0x000170af       0x2e ./Core/Src/ILI9225.o
 .debug_macro   0x000170dd       0x61 ./Core/Src/ILI9225.o
 .debug_macro   0x0001713e       0x24 ./Core/Src/ILI9225.o
 .debug_macro   0x00017162       0x43 ./Core/Src/ILI9225.o
 .debug_macro   0x000171a5       0x34 ./Core/Src/ILI9225.o
 .debug_macro   0x000171d9       0x16 ./Core/Src/ILI9225.o
 .debug_macro   0x000171ef       0x35 ./Core/Src/ILI9225.o
 .debug_macro   0x00017224      0x369 ./Core/Src/ILI9225.o
 .debug_macro   0x0001758d       0x10 ./Core/Src/ILI9225.o
 .debug_macro   0x0001759d       0x16 ./Core/Src/ILI9225.o
 .debug_macro   0x000175b3       0x43 ./Core/Src/ILI9225.o
 .debug_macro   0x000175f6       0x34 ./Core/Src/ILI9225.o
 .debug_macro   0x0001762a       0x10 ./Core/Src/ILI9225.o
 .debug_macro   0x0001763a       0x58 ./Core/Src/ILI9225.o
 .debug_macro   0x00017692       0x8e ./Core/Src/ILI9225.o
 .debug_macro   0x00017720       0x1c ./Core/Src/ILI9225.o
 .debug_macro   0x0001773c      0x177 ./Core/Src/ILI9225.o
 .debug_macro   0x000178b3       0x16 ./Core/Src/ILI9225.o
 .debug_macro   0x000178c9       0x16 ./Core/Src/ILI9225.o
 .debug_macro   0x000178df      0x146 ./Core/Src/ILI9225.o
 .debug_macro   0x00017a25      0x19b ./Core/Src/ILI9225.o
 .debug_macro   0x00017bc0      0x21a ./Core/Src/ILI9225.o
 .debug_macro   0x00017dda      0x29f ./Core/Src/main.o
 .debug_macro   0x00018079       0x28 ./Core/Src/main.o
 .debug_macro   0x000180a1      0x19d ./Core/Src/stm32f1xx_hal_msp.o
 .debug_macro   0x0001823e      0x1a7 ./Core/Src/stm32f1xx_it.o
 .debug_macro   0x000183e5      0x18e ./Core/Src/system_stm32f1xx.o
 .debug_macro   0x00018573      0x1b2 ./Drivers/STM32F1xx_HAL_Driver/Src/stm32f1xx_hal.o
 .debug_macro   0x00018725      0x18e ./Drivers/STM32F1xx_HAL_Driver/Src/stm32f1xx_hal_cortex.o
 .debug_macro   0x000188b3      0x1f9 ./Drivers/STM32F1xx_HAL_Driver/Src/stm32f1xx_hal_gpio.o
 .debug_macro   0x00018aac      0x1a0 ./Drivers/STM32F1xx_HAL_Driver/Src/stm32f1xx_hal_rcc.o
 .debug_macro   0x00018c4c      0x196 ./Drivers/STM32F1xx_HAL_Driver/Src/stm32f1xx_hal_spi.o

.debug_line     0x00000000     0x789c
 .debug_line    0x00000000      0xf8e ./Core/Src/ILI9225.o
 .debug_line    0x00000f8e      0x942 ./Core/Src/main.o
 .debug_line    0x000018d0      0x71d ./Core/Src/stm32f1xx_hal_msp.o
 .debug_line    0x00001fed      0x795 ./Core/Src/stm32f1xx_it.o
 .debug_line    0x00002782      0x751 ./Core/Src/system_stm32f1xx.o
 .debug_line    0x00002ed3       0x79 ./Core/Startup/startup_stm32f103rctx.o
 .debug_line    0x00002f4c      0x97e ./Drivers/STM32F1xx_HAL_Driver/Src/stm32f1xx_hal.o
 .debug_line    0x000038ca      0xb6a ./Drivers/STM32F1xx_HAL_Driver/Src/stm32f1xx_hal_cortex.o
 .debug_line    0x00004434      0xa3f ./Drivers/STM32F1xx_HAL_Driver/Src/stm32f1xx_hal_gpio.o
 .debug_line    0x00004e73      0xd87 ./Drivers/STM32F1xx_HAL_Driver/Src/stm32f1xx_hal_rcc.o
 .debug_line    0x00005bfa     0x1ca2 ./Drivers/STM32F1xx_HAL_Driver/Src/stm32f1xx_hal_spi.o

.debug_str      0x00000000    0x906d4
 .debug_str     0x00000000    0x8eed1 ./Core/Src/ILI9225.o
                              0x8f350 (size before relaxing)
 .debug_str     0x0008eed1      0x233 ./Core/Src/main.o
                              0x8f34d (size before relaxing)
 .debug_str     0x0008f104       0x91 ./Core/Src/stm32f1xx_hal_msp.o
                              0x8a9e9 (size before relaxing)
 .debug_str     0x0008f195       0xc9 ./Core/Src/stm32f1xx_it.o
                              0x8a59d (size before relaxing)
 .debug_str     0x0008f25e       0x7e ./Core/Src/system_stm32f1xx.o
                              0x8a52a (size before relaxing)
 .debug_str     0x0008f2dc       0x44 ./Core/Startup/startup_stm32f103rctx.o
                                 0xa5 (size before relaxing)
 .debug_str     0x0008f320      0x695 ./Drivers/STM32F1xx_HAL_Driver/Src/stm32f1xx_hal.o
                              0x8ad41 (size before relaxing)
 .debug_str     0x0008f9b5      0x2bb ./Drivers/STM32F1xx_HAL_Driver/Src/stm32f1xx_hal_cortex.o
                              0x8ac8d (size before relaxing)
 .debug_str     0x0008fc70      0x2e1 ./Drivers/STM32F1xx_HAL_Driver/Src/stm32f1xx_hal_gpio.o
                              0x8a8b0 (size before relaxing)
 .debug_str     0x0008ff51      0x229 ./Drivers/STM32F1xx_HAL_Driver/Src/stm32f1xx_hal_rcc.o
                              0x8a959 (size before relaxing)
 .debug_str     0x0009017a      0x55a ./Drivers/STM32F1xx_HAL_Driver/Src/stm32f1xx_hal_spi.o
                              0x8ae56 (size before relaxing)

.comment        0x00000000       0x43
 .comment       0x00000000       0x43 ./Core/Src/ILI9225.o
                                 0x44 (size before relaxing)
 .comment       0x00000043       0x44 ./Core/Src/main.o
 .comment       0x00000043       0x44 ./Core/Src/stm32f1xx_hal_msp.o
 .comment       0x00000043       0x44 ./Core/Src/stm32f1xx_it.o
 .comment       0x00000043       0x44 ./Core/Src/system_stm32f1xx.o
 .comment       0x00000043       0x44 ./Drivers/STM32F1xx_HAL_Driver/Src/stm32f1xx_hal.o
 .comment       0x00000043       0x44 ./Drivers/STM32F1xx_HAL_Driver/Src/stm32f1xx_hal_cortex.o
 .comment       0x00000043       0x44 ./Drivers/STM32F1xx_HAL_Driver/Src/stm32f1xx_hal_gpio.o
 .comment       0x00000043       0x44 ./Drivers/STM32F1xx_HAL_Driver/Src/stm32f1xx_hal_rcc.o
 .comment       0x00000043       0x44 ./Drivers/STM32F1xx_HAL_Driver/Src/stm32f1xx_hal_spi.o

.debug_frame    0x00000000     0x1d48
 .debug_frame   0x00000000      0x3d8 ./Core/Src/ILI9225.o
 .debug_frame   0x000003d8       0xac ./Core/Src/main.o
 .debug_frame   0x00000484       0x80 ./Core/Src/stm32f1xx_hal_msp.o
 .debug_frame   0x00000504      0x104 ./Core/Src/stm32f1xx_it.o
 .debug_frame   0x00000608       0x58 ./Core/Src/system_stm32f1xx.o
 .debug_frame   0x00000660      0x334 ./Drivers/STM32F1xx_HAL_Driver/Src/stm32f1xx_hal.o
 .debug_frame   0x00000994      0x428 ./Drivers/STM32F1xx_HAL_Driver/Src/stm32f1xx_hal_cortex.o
 .debug_frame   0x00000dbc      0x14c ./Drivers/STM32F1xx_HAL_Driver/Src/stm32f1xx_hal_gpio.o
 .debug_frame   0x00000f08      0x218 ./Drivers/STM32F1xx_HAL_Driver/Src/stm32f1xx_hal_rcc.o
 .debug_frame   0x00001120      0x824 ./Drivers/STM32F1xx_HAL_Driver/Src/stm32f1xx_hal_spi.o
 .debug_frame   0x00001944       0x20 C:/ST/STM32CubeIDE_1.16.0/STM32CubeIDE/plugins/com.st.stm32cube.ide.mcu.externaltools.gnu-tools-for-stm32.12.3.rel1.win32_1.0.200.202406191623/tools/bin/../lib/gcc/arm-none-eabi/12.3.1/../../../../arm-none-eabi/lib/thumb/v7-m/nofp\libc_nano.a(libc_a-memset.o)
 .debug_frame   0x00001964       0x2c C:/ST/STM32CubeIDE_1.16.0/STM32CubeIDE/plugins/com.st.stm32cube.ide.mcu.externaltools.gnu-tools-for-stm32.12.3.rel1.win32_1.0.200.202406191623/tools/bin/../lib/gcc/arm-none-eabi/12.3.1/../../../../arm-none-eabi/lib/thumb/v7-m/nofp\libc_nano.a(libc_a-init.o)
 .debug_frame   0x00001990       0x40 C:/ST/STM32CubeIDE_1.16.0/STM32CubeIDE/plugins/com.st.stm32cube.ide.mcu.externaltools.gnu-tools-for-stm32.12.3.rel1.win32_1.0.200.202406191623/tools/bin/../lib/gcc/arm-none-eabi/12.3.1/../../../../arm-none-eabi/lib/thumb/v7-m/nofp\libm.a(libm_a-s_cos.o)
 .debug_frame   0x000019d0       0x34 C:/ST/STM32CubeIDE_1.16.0/STM32CubeIDE/plugins/com.st.stm32cube.ide.mcu.externaltools.gnu-tools-for-stm32.12.3.rel1.win32_1.0.200.202406191623/tools/bin/../lib/gcc/arm-none-eabi/12.3.1/../../../../arm-none-eabi/lib/thumb/v7-m/nofp\libm.a(libm_a-s_sin.o)
 .debug_frame   0x00001a04       0x3c C:/ST/STM32CubeIDE_1.16.0/STM32CubeIDE/plugins/com.st.stm32cube.ide.mcu.externaltools.gnu-tools-for-stm32.12.3.rel1.win32_1.0.200.202406191623/tools/bin/../lib/gcc/arm-none-eabi/12.3.1/../../../../arm-none-eabi/lib/thumb/v7-m/nofp\libm.a(libm_a-k_cos.o)
 .debug_frame   0x00001a40       0x40 C:/ST/STM32CubeIDE_1.16.0/STM32CubeIDE/plugins/com.st.stm32cube.ide.mcu.externaltools.gnu-tools-for-stm32.12.3.rel1.win32_1.0.200.202406191623/tools/bin/../lib/gcc/arm-none-eabi/12.3.1/../../../../arm-none-eabi/lib/thumb/v7-m/nofp\libm.a(libm_a-k_sin.o)
 .debug_frame   0x00001a80       0x40 C:/ST/STM32CubeIDE_1.16.0/STM32CubeIDE/plugins/com.st.stm32cube.ide.mcu.externaltools.gnu-tools-for-stm32.12.3.rel1.win32_1.0.200.202406191623/tools/bin/../lib/gcc/arm-none-eabi/12.3.1/../../../../arm-none-eabi/lib/thumb/v7-m/nofp\libm.a(libm_a-e_rem_pio2.o)
 .debug_frame   0x00001ac0       0x20 C:/ST/STM32CubeIDE_1.16.0/STM32CubeIDE/plugins/com.st.stm32cube.ide.mcu.externaltools.gnu-tools-for-stm32.12.3.rel1.win32_1.0.200.202406191623/tools/bin/../lib/gcc/arm-none-eabi/12.3.1/../../../../arm-none-eabi/lib/thumb/v7-m/nofp\libm.a(libm_a-s_fabs.o)
 .debug_frame   0x00001ae0       0x44 C:/ST/STM32CubeIDE_1.16.0/STM32CubeIDE/plugins/com.st.stm32cube.ide.mcu.externaltools.gnu-tools-for-stm32.12.3.rel1.win32_1.0.200.202406191623/tools/bin/../lib/gcc/arm-none-eabi/12.3.1/../../../../arm-none-eabi/lib/thumb/v7-m/nofp\libm.a(libm_a-k_rem_pio2.o)
 .debug_frame   0x00001b24       0x30 C:/ST/STM32CubeIDE_1.16.0/STM32CubeIDE/plugins/com.st.stm32cube.ide.mcu.externaltools.gnu-tools-for-stm32.12.3.rel1.win32_1.0.200.202406191623/tools/bin/../lib/gcc/arm-none-eabi/12.3.1/../../../../arm-none-eabi/lib/thumb/v7-m/nofp\libm.a(libm_a-s_scalbn.o)
 .debug_frame   0x00001b54       0x30 C:/ST/STM32CubeIDE_1.16.0/STM32CubeIDE/plugins/com.st.stm32cube.ide.mcu.externaltools.gnu-tools-for-stm32.12.3.rel1.win32_1.0.200.202406191623/tools/bin/../lib/gcc/arm-none-eabi/12.3.1/../../../../arm-none-eabi/lib/thumb/v7-m/nofp\libm.a(libm_a-s_floor.o)
 .debug_frame   0x00001b84       0x30 C:/ST/STM32CubeIDE_1.16.0/STM32CubeIDE/plugins/com.st.stm32cube.ide.mcu.externaltools.gnu-tools-for-stm32.12.3.rel1.win32_1.0.200.202406191623/tools/bin/../lib/gcc/arm-none-eabi/12.3.1/thumb/v7-m/nofp\libgcc.a(_arm_muldf3.o)
 .debug_frame   0x00001bb4       0xac C:/ST/STM32CubeIDE_1.16.0/STM32CubeIDE/plugins/com.st.stm32cube.ide.mcu.externaltools.gnu-tools-for-stm32.12.3.rel1.win32_1.0.200.202406191623/tools/bin/../lib/gcc/arm-none-eabi/12.3.1/thumb/v7-m/nofp\libgcc.a(_arm_addsubdf3.o)
 .debug_frame   0x00001c60       0xc4 C:/ST/STM32CubeIDE_1.16.0/STM32CubeIDE/plugins/com.st.stm32cube.ide.mcu.externaltools.gnu-tools-for-stm32.12.3.rel1.win32_1.0.200.202406191623/tools/bin/../lib/gcc/arm-none-eabi/12.3.1/thumb/v7-m/nofp\libgcc.a(_arm_cmpdf2.o)
 .debug_frame   0x00001d24       0x24 C:/ST/STM32CubeIDE_1.16.0/STM32CubeIDE/plugins/com.st.stm32cube.ide.mcu.externaltools.gnu-tools-for-stm32.12.3.rel1.win32_1.0.200.202406191623/tools/bin/../lib/gcc/arm-none-eabi/12.3.1/thumb/v7-m/nofp\libgcc.a(_arm_fixdfsi.o)

.debug_line_str
                0x00000000       0x89
 .debug_line_str
                0x00000000       0x89 ./Core/Startup/startup_stm32f103rctx.o
